Archive member included to satisfy reference by file (symbol)

H:\TTCS\BUOI1NHOM2\Lib\liblibraries.a(timer.o)
                              ./Src/main.o (TimerInit)
H:\TTCS\BUOI1NHOM2\Lib\liblibraries.a(Ucglib.o)
                              ./Src/main.o (Ucglib4WireSWSPI_begin)
H:\TTCS\BUOI1NHOM2\Lib\liblibraries.a(ucg_box.o)
                              ./Src/main.o (ucg_ClearScreen)
H:\TTCS\BUOI1NHOM2\Lib\liblibraries.a(ucg_ccs.o)
                              H:\TTCS\BUOI1NHOM2\Lib\liblibraries.a(ucg_box.o) (ucg_ccs_init)
H:\TTCS\BUOI1NHOM2\Lib\liblibraries.a(ucg_circle.o)
                              H:\TTCS\BUOI1NHOM2\Lib\liblibraries.a(ucg_box.o) (ucg_DrawCircle)
H:\TTCS\BUOI1NHOM2\Lib\liblibraries.a(ucg_dev_default_cb.o)
                              H:\TTCS\BUOI1NHOM2\Lib\liblibraries.a(Ucglib.o) (ucg_dev_default_cb)
H:\TTCS\BUOI1NHOM2\Lib\liblibraries.a(ucg_dev_ic_st7735.o)
                              H:\TTCS\BUOI1NHOM2\Lib\liblibraries.a(Ucglib.o) (ucg_ext_st7735_18)
H:\TTCS\BUOI1NHOM2\Lib\liblibraries.a(ucg_dev_msg_api.o)
                              H:\TTCS\BUOI1NHOM2\Lib\liblibraries.a(ucg_box.o) (ucg_SetMaxClipRange)
H:\TTCS\BUOI1NHOM2\Lib\liblibraries.a(ucg_dev_tft_128x128_st7735.o)
                              H:\TTCS\BUOI1NHOM2\Lib\liblibraries.a(Ucglib.o) (ucg_dev_st7735_18x128x128)
H:\TTCS\BUOI1NHOM2\Lib\liblibraries.a(ucg_font.o)
                              H:\TTCS\BUOI1NHOM2\Lib\liblibraries.a(Ucglib.o) (ucg_SetFontMode)
H:\TTCS\BUOI1NHOM2\Lib\liblibraries.a(ucg_init.o)
                              H:\TTCS\BUOI1NHOM2\Lib\liblibraries.a(Ucglib.o) (ucg_Init)
H:\TTCS\BUOI1NHOM2\Lib\liblibraries.a(ucg_line.o)
                              H:\TTCS\BUOI1NHOM2\Lib\liblibraries.a(ucg_font.o) (ucg_Draw90Line)
H:\TTCS\BUOI1NHOM2\Lib\liblibraries.a(ucg_pixel.o)
                              ./Src/main.o (ucg_SetColor)
H:\TTCS\BUOI1NHOM2\Lib\liblibraries.a(ucg_pixel_font_data.o)
                              ./Src/main.o (ucg_font_ncenR18_tf)
H:\TTCS\BUOI1NHOM2\Lib\liblibraries.a(ucg_rotate.o)
                              ./Src/main.o (ucg_SetRotate180)
H:\TTCS\BUOI1NHOM2\Lib\liblibraries.a(stm32f401re_gpio.o)
                              H:\TTCS\BUOI1NHOM2\Lib\liblibraries.a(Ucglib.o) (GPIO_Init)
H:\TTCS\BUOI1NHOM2\Lib\liblibraries.a(ucg_clip.o)
                              H:\TTCS\BUOI1NHOM2\Lib\liblibraries.a(ucg_dev_ic_st7735.o) (ucg_clip_is_pixel_visible)
H:\TTCS\BUOI1NHOM2\Lib\liblibraries.a(ucg_com_msg_api.o)
                              H:\TTCS\BUOI1NHOM2\Lib\liblibraries.a(ucg_dev_ic_st7735.o) (ucg_com_PowerUp)
C:/ST/STM32CubeIDE_2.1.1/STM32CubeIDE/plugins/com.st.stm32cube.ide.mcu.externaltools.gnu-tools-for-stm32.14.3.rel1.win32_1.0.100.202602081740/tools/bin/../lib/gcc/arm-none-eabi/14.3.1/../../../../arm-none-eabi/lib/thumb/v7e-m+fp/hard\libc_nano.a(libc_a-exit.o)
                              C:/ST/STM32CubeIDE_2.1.1/STM32CubeIDE/plugins/com.st.stm32cube.ide.mcu.externaltools.gnu-tools-for-stm32.14.3.rel1.win32_1.0.100.202602081740/tools/bin/../lib/gcc/arm-none-eabi/14.3.1/../../../../arm-none-eabi/lib/thumb/v7e-m+fp/hard/crt0.o (exit)
C:/ST/STM32CubeIDE_2.1.1/STM32CubeIDE/plugins/com.st.stm32cube.ide.mcu.externaltools.gnu-tools-for-stm32.14.3.rel1.win32_1.0.100.202602081740/tools/bin/../lib/gcc/arm-none-eabi/14.3.1/../../../../arm-none-eabi/lib/thumb/v7e-m+fp/hard\libc_nano.a(libc_a-findfp.o)
                              C:/ST/STM32CubeIDE_2.1.1/STM32CubeIDE/plugins/com.st.stm32cube.ide.mcu.externaltools.gnu-tools-for-stm32.14.3.rel1.win32_1.0.100.202602081740/tools/bin/../lib/gcc/arm-none-eabi/14.3.1/../../../../arm-none-eabi/lib/thumb/v7e-m+fp/hard\libc_nano.a(libc_a-exit.o) (__stdio_exit_handler)
C:/ST/STM32CubeIDE_2.1.1/STM32CubeIDE/plugins/com.st.stm32cube.ide.mcu.externaltools.gnu-tools-for-stm32.14.3.rel1.win32_1.0.100.202602081740/tools/bin/../lib/gcc/arm-none-eabi/14.3.1/../../../../arm-none-eabi/lib/thumb/v7e-m+fp/hard\libc_nano.a(libc_a-fwalk.o)
                              C:/ST/STM32CubeIDE_2.1.1/STM32CubeIDE/plugins/com.st.stm32cube.ide.mcu.externaltools.gnu-tools-for-stm32.14.3.rel1.win32_1.0.100.202602081740/tools/bin/../lib/gcc/arm-none-eabi/14.3.1/../../../../arm-none-eabi/lib/thumb/v7e-m+fp/hard\libc_nano.a(libc_a-findfp.o) (_fwalk_sglue)
C:/ST/STM32CubeIDE_2.1.1/STM32CubeIDE/plugins/com.st.stm32cube.ide.mcu.externaltools.gnu-tools-for-stm32.14.3.rel1.win32_1.0.100.202602081740/tools/bin/../lib/gcc/arm-none-eabi/14.3.1/../../../../arm-none-eabi/lib/thumb/v7e-m+fp/hard\libc_nano.a(libc_a-stdio.o)
                              C:/ST/STM32CubeIDE_2.1.1/STM32CubeIDE/plugins/com.st.stm32cube.ide.mcu.externaltools.gnu-tools-for-stm32.14.3.rel1.win32_1.0.100.202602081740/tools/bin/../lib/gcc/arm-none-eabi/14.3.1/../../../../arm-none-eabi/lib/thumb/v7e-m+fp/hard\libc_nano.a(libc_a-findfp.o) (__sread)
[...]
Memory Configuration

Name             Origin             Length             Attributes
RAM              0x20000000         0x00018000         xrw
FLASH            0x08000000         0x00080000         xr
*default*        0x00000000         0xffffffff

Linker script and memory map

LOAD C:/ST/STM32CubeIDE_2.1.1/STM32CubeIDE/plugins/com.st.stm32cube.ide.mcu.externaltools.gnu-tools-for-stm32.14.3.rel1.win32_1.0.100.202602081740/tools/bin/../lib/gcc/arm-none-eabi/14.3.1/thumb/v7e-m+fp/hard/crti.o
LOAD C:/ST/STM32CubeIDE_2.1.1/STM32CubeIDE/plugins/com.st.stm32cube.ide.mcu.externaltools.gnu-tools-for-stm32.14.3.rel1.win32_1.0.100.202602081740/tools/bin/../lib/gcc/arm-none-eabi/14.3.1/thumb/v7e-m+fp/hard/crtbegin.o
LOAD C:/ST/STM32CubeIDE_2.1.1/STM32CubeIDE/plugins/com.st.stm32cube.ide.mcu.externaltools.gnu-tools-for-stm32.14.3.rel1.win32_1.0.100.202602081740/tools/bin/../lib/gcc/arm-none-eabi/14.3.1/../../../../arm-none-eabi/lib/thumb/v7e-m+fp/hard/crt0.o
LOAD ./SDK_1.0.3_NUCLEO-F401RE/shared-20260323T021029Z-3-001/shared/Drivers/CMSIS/Source/system_stm32f4xx.o
LOAD ./SDK_1.0.3_NUCLEO-F401RE/shared-20260323T021029Z-3-001/shared/Drivers/STM32F401RE_StdPeriph_Driver/src/stm32f401re_rcc.o
LOAD ./SDK_1.0.3_NUCLEO-F401RE/shared-20260323T021029Z-3-001/shared/Utilities/buff.o
LOAD ./SDK_1.0.3_NUCLEO-F401RE/shared-20260323T021029Z-3-001/shared/Utilities/utilities.o
LOAD ./Src/main.o
LOAD ./Src/syscalls.o
LOAD ./Src/sysmem.o
LOAD ./Startup/startup_stm32f401retx.o
LOAD H:\TTCS\BUOI1NHOM2\Lib\liblibraries.a
START GROUP
LOAD C:/ST/STM32CubeIDE_2.1.1/STM32CubeIDE/plugins/com.st.stm32cube.ide.mcu.externaltools.gnu-tools-for-stm32.14.3.rel1.win32_1.0.100.202602081740/tools/bin/../lib/gcc/arm-none-eabi/14.3.1/../../../../arm-none-eabi/lib/thumb/v7e-m+fp/hard\libc_nano.a
LOAD C:/ST/STM32CubeIDE_2.1.1/STM32CubeIDE/plugins/com.st.stm32cube.ide.mcu.externaltools.gnu-tools-for-stm32.14.3.rel1.win32_1.0.100.202602081740/tools/bin/../lib/gcc/arm-none-eabi/14.3.1/../../../../arm-none-eabi/lib/thumb/v7e-m+fp/hard\libm.a
END GROUP
START GROUP
LOAD C:/ST/STM32CubeIDE_2.1.1/STM32CubeIDE/plugins/com.st.stm32cube.ide.mcu.externaltools.gnu-tools-for-stm32.14.3.rel1.win32_1.0.100.202602081740/tools/bin/../lib/gcc/arm-none-eabi/14.3.1/thumb/v7e-m+fp/hard\libgcc.a
LOAD C:/ST/STM32CubeIDE_2.1.1/STM32CubeIDE/plugins/com.st.stm32cube.ide.mcu.externaltools.gnu-tools-for-stm32.14.3.rel1.win32_1.0.100.202602081740/tools/bin/../lib/gcc/arm-none-eabi/14.3.1/../../../../arm-none-eabi/lib/thumb/v7e-m+fp/hard\libc_nano.a
END GROUP
START GROUP
LOAD C:/ST/STM32CubeIDE_2.1.1/STM32CubeIDE/plugins/com.st.stm32cube.ide.mcu.externaltools.gnu-tools-for-stm32.14.3.rel1.win32_1.0.100.202602081740/tools/bin/../lib/gcc/arm-none-eabi/14.3.1/thumb/v7e-m+fp/hard\libgcc.a
LOAD C:/ST/STM32CubeIDE_2.1.1/STM32CubeIDE/plugins/com.st.stm32cube.ide.mcu.externaltools.gnu-tools-for-stm32.14.3.rel1.win32_1.0.100.202602081740/tools/bin/../lib/gcc/arm-none-eabi/14.3.1/../../../../arm-none-eabi/lib/thumb/v7e-m+fp/hard\libc_nano.a
LOAD C:/ST/STM32CubeIDE_2.1.1/STM32CubeIDE/plugins/com.st.stm32cube.ide.mcu.externaltools.gnu-tools-for-stm32.14.3.rel1.win32_1.0.100.202602081740/tools/bin/../lib/gcc/arm-none-eabi/14.3.1/../../../../arm-none-eabi/lib/thumb/v7e-m+fp/hard\libnosys.a
END GROUP
START GROUP
LOAD C:/ST/STM32CubeIDE_2.1.1/STM32CubeIDE/plugins/com.st.stm32cube.ide.mcu.externaltools.gnu-tools-for-stm32.14.3.rel1.win32_1.0.100.202602081740/tools/bin/../lib/gcc/arm-none-eabi/14.3.1/thumb/v7e-m+fp/hard\libgcc.a
LOAD C:/ST/STM32CubeIDE_2.1.1/STM32CubeIDE/plugins/com.st.stm32cube.ide.mcu.externaltools.gnu-tools-for-stm32.14.3.rel1.win32_1.0.100.202602081740/tools/bin/../lib/gcc/arm-none-eabi/14.3.1/../../../../arm-none-eabi/lib/thumb/v7e-m+fp/hard\libc_nano.a
LOAD C:/ST/STM32CubeIDE_2.1.1/STM32CubeIDE/plugins/com.st.stm32cube.ide.mcu.externaltools.gnu-tools-for-stm32.14.3.rel1.win32_1.0.100.202602081740/tools/bin/../lib/gcc/arm-none-eabi/14.3.1/../../../../arm-none-eabi/lib/thumb/v7e-m+fp/hard\libnosys.a
END GROUP
LOAD C:/ST/STM32CubeIDE_2.1.1/STM32CubeIDE/plugins/com.st.stm32cube.ide.mcu.externaltools.gnu-tools-for-stm32.14.3.rel1.win32_1.0.100.202602081740/tools/bin/../lib/gcc/arm-none-eabi/14.3.1/thumb/v7e-m+fp/hard/crtend.o
LOAD C:/ST/STM32CubeIDE_2.1.1/STM32CubeIDE/plugins/com.st.stm32cube.ide.mcu.externaltools.gnu-tools-for-stm32.14.3.rel1.win32_1.0.100.202602081740/tools/bin/../lib/gcc/arm-none-eabi/14.3.1/thumb/v7e-m+fp/hard/crtn.o
                0x20018000                        _estack = (ORIGIN (RAM) + LENGTH (RAM))
                0x00000200                        _Min_Heap_Size = 0x200
                0x00000400                        _Min_Stack_Size = 0x400

.isr_vector     0x08000000      0x194
                0x08000000                        . = ALIGN (0x4)
 *(.isr_vector)
 .isr_vector    0x08000000      0x194 ./Startup/startup_stm32f401retx.o
                0x08000000                g_pfnVectors
                0x08000194                        . = ALIGN (0x4)

.text           0x08000194     0x3054
                0x08000194                        . = ALIGN (0x4)
 *(.text)
 .text          0x08000194       0x40 C:/ST/STM32CubeIDE_2.1.1/STM32CubeIDE/plugins/com.st.stm32cube.ide.mcu.externaltools.gnu-tools-for-stm32.14.3.rel1.win32_1.0.100.202602081740/tools/bin/../lib/gcc/arm-none-eabi/14.3.1/thumb/v7e-m+fp/hard/crtbegin.o
 *(.text*)
 .text.SystemInit
                0x080001d4       0x6c ./SDK_1.0.3_NUCLEO-F401RE/shared-20260323T021029Z-3-001/shared/Drivers/CMSIS/Source/system_stm32f4xx.o
                0x080001d4                SystemInit
 .text.SystemCoreClockUpdate
                0x08000240      0x104 ./SDK_1.0.3_NUCLEO-F401RE/shared-20260323T021029Z-3-001/shared/Drivers/CMSIS/Source/system_stm32f4xx.o
                0x08000240                SystemCoreClockUpdate
 .text.SetSysClock
                0x08000344       0xa4 ./SDK_1.0.3_NUCLEO-F401RE/shared-20260323T021029Z-3-001/shared/Drivers/CMSIS/Source/system_stm32f4xx.o
 .text.RCC_GetClocksFreq
                0x080003e8      0x15c ./SDK_1.0.3_NUCLEO-F401RE/shared-20260323T021029Z-3-001/shared/Drivers/STM32F401RE_StdPeriph_Driver/src/stm32f401re_rcc.o
                0x080003e8                RCC_GetClocksFreq
 .text.RCC_AHB1PeriphClockCmd
                0x08000544       0x40 ./SDK_1.0.3_NUCLEO-F401RE/shared-20260323T021029Z-3-001/shared/Drivers/STM32F401RE_StdPeriph_Driver/src/stm32f401re_rcc.o
                0x08000544                RCC_AHB1PeriphClockCmd
 .text.bufInit  0x08000584       0x36 ./SDK_1.0.3_NUCLEO-F401RE/shared-20260323T021029Z-3-001/shared/Utilities/buff.o
                0x08000584                bufInit
 .text.bufNumItems
                0x080005ba       0x18 ./SDK_1.0.3_NUCLEO-F401RE/shared-20260323T021029Z-3-001/shared/Utilities/buff.o
                0x080005ba                bufNumItems
 .text.bufIsFull
                0x080005d2       0x26 ./SDK_1.0.3_NUCLEO-F401RE/shared-20260323T021029Z-3-001/shared/Utilities/buff.o
                0x080005d2                bufIsFull
 .text.bufIsEmpty
                0x080005f8       0x26 ./SDK_1.0.3_NUCLEO-F401RE/shared-20260323T021029Z-3-001/shared/Utilities/buff.o
                0x080005f8                bufIsEmpty
 .text.bufFlush
                0x0800061e       0x32 ./SDK_1.0.3_NUCLEO-F401RE/shared-20260323T021029Z-3-001/shared/Utilities/buff.o
                0x0800061e                bufFlush
 .text.bufEnDat
                0x08000650       0x9e ./SDK_1.0.3_NUCLEO-F401RE/shared-20260323T021029Z-3-001/shared/Utilities/buff.o
                0x08000650                bufEnDat
 .text.bufDeDat
                0x080006ee       0x8a ./SDK_1.0.3_NUCLEO-F401RE/shared-20260323T021029Z-3-001/shared/Utilities/buff.o
                0x080006ee                bufDeDat
 .text.memsetl  0x08000778       0x34 ./SDK_1.0.3_NUCLEO-F401RE/shared-20260323T021029Z-3-001/shared/Utilities/utilities.o
                0x08000778                memsetl
 .text.main     0x080007ac       0x80 ./Src/main.o
                0x080007ac                main
 .text.Reset_Handler
                0x0800082c       0x50 ./Startup/startup_stm32f401retx.o
                0x0800082c                Reset_Handler
 .text.Default_Handler
                0x0800087c        0x2 ./Startup/startup_stm32f401retx.o
                0x0800087c                EXTI2_IRQHandler
                0x0800087c                DebugMon_Handler
                0x0800087c                SPI4_IRQHandler
                0x0800087c                TIM1_CC_IRQHandler
                0x0800087c                HardFault_Handler
                0x0800087c                SDIO_IRQHandler
                0x0800087c                TAMP_STAMP_IRQHandler
                0x0800087c                PendSV_Handler
                0x0800087c                NMI_Handler
                0x0800087c                EXTI3_IRQHandler
                0x0800087c                TIM1_UP_TIM10_IRQHandler
                0x0800087c                I2C3_ER_IRQHandler
                0x0800087c                EXTI18_OTG_FS_WKUP_IRQHandler
                0x0800087c                EXTI0_IRQHandler
                0x0800087c                I2C2_EV_IRQHandler
                0x0800087c                FPU_IRQHandler
                0x0800087c                UsageFault_Handler
                0x0800087c                SPI1_IRQHandler
                0x0800087c                TIM1_BRK_TIM9_IRQHandler
                0x0800087c                USART6_IRQHandler
                0x0800087c                TIM4_IRQHandler
                0x0800087c                I2C1_EV_IRQHandler
                0x0800087c                TIM3_IRQHandler
                0x0800087c                RCC_IRQHandler
                0x0800087c                Default_Handler
                0x0800087c                EXTI15_10_IRQHandler
                0x0800087c                ADC_IRQHandler
                0x0800087c                TIM5_IRQHandler
                0x0800087c                I2C3_EV_IRQHandler
                0x0800087c                EXTI9_5_IRQHandler
                0x0800087c                SPI2_IRQHandler
                0x0800087c                MemManage_Handler
                0x0800087c                SVC_Handler
                0x0800087c                EXTI4_IRQHandler
                0x0800087c                EXTI22_RTC_WKUP_IRQHandler
                0x0800087c                TIM2_IRQHandler
                0x0800087c                EXTI16_PVD_IRQHandler
                0x0800087c                TIM1_TRG_COM_TIM11_IRQHandler
                0x0800087c                EXTI1_IRQHandler
                0x0800087c                EXTI17_RTC_Alarm_IRQHandler
                0x0800087c                USART2_IRQHandler
                0x0800087c                I2C2_ER_IRQHandler
                0x0800087c                FLASH_IRQHandler
                0x0800087c                BusFault_Handler
                0x0800087c                USART1_IRQHandler
                0x0800087c                OTG_FS_IRQHandler
                0x0800087c                SPI3_IRQHandler
                0x0800087c                I2C1_ER_IRQHandler
 *fill*         0x0800087e        0x2 
 .text.NVIC_SetPriority
                0x08000880       0x54 H:\TTCS\BUOI1NHOM2\Lib\liblibraries.a(timer.o)
 .text.SysTick_Config
                0x080008d4       0x44 H:\TTCS\BUOI1NHOM2\Lib\liblibraries.a(timer.o)
 .text.TimerInit
                0x08000918       0x44 H:\TTCS\BUOI1NHOM2\Lib\liblibraries.a(timer.o)
                0x08000918                TimerInit
 .text.TimerStart
                0x0800095c       0xc4 H:\TTCS\BUOI1NHOM2\Lib\liblibraries.a(timer.o)
                0x0800095c                TimerStart
 .text.TimerStop
                0x08000a20       0xa0 H:\TTCS\BUOI1NHOM2\Lib\liblibraries.a(timer.o)
                0x08000a20                TimerStop
 .text.GetMilSecTick
                0x08000ac0       0x18 H:\TTCS\BUOI1NHOM2\Lib\liblibraries.a(timer.o)
                0x08000ac0                GetMilSecTick
 .text.processTimerScheduler
                0x08000ad8       0xf0 H:\TTCS\BUOI1NHOM2\Lib\liblibraries.a(timer.o)
                0x08000ad8                processTimerScheduler
 .text.TimeExpired
                0x08000bc8       0xcc H:\TTCS\BUOI1NHOM2\Lib\liblibraries.a(timer.o)
 .text.SysTick_Handler
                0x08000c94       0x1c H:\TTCS\BUOI1NHOM2\Lib\liblibraries.a(timer.o)
                0x08000c94                SysTick_Handler
 .text.delayMicroseconds
                0x08000cb0       0x14 H:\TTCS\BUOI1NHOM2\Lib\liblibraries.a(Ucglib.o)
 .text.ucg_gpio_init
                0x08000cc4       0x60 H:\TTCS\BUOI1NHOM2\Lib\liblibraries.a(Ucglib.o)
 .text.ucg_com_arduino_send_generic_SW_SPI
                0x08000d24       0x74 H:\TTCS\BUOI1NHOM2\Lib\liblibraries.a(Ucglib.o)
 .text.ucg_com_arduino_generic_SW_SPI
                0x08000d98      0x1ec H:\TTCS\BUOI1NHOM2\Lib\liblibraries.a(Ucglib.o)
 .text.Ucglib4WireSWSPI_begin
                0x08000f84       0x38 H:\TTCS\BUOI1NHOM2\Lib\liblibraries.a(Ucglib.o)
                0x08000f84                Ucglib4WireSWSPI_begin
 .text.ucg_DrawBox
                0x08000fbc       0x56 H:\TTCS\BUOI1NHOM2\Lib\liblibraries.a(ucg_box.o)
                0x08000fbc                ucg_DrawBox
 .text.ucg_ClearScreen
                0x08001012       0x50 H:\TTCS\BUOI1NHOM2\Lib\liblibraries.a(ucg_box.o)
                0x08001012                ucg_ClearScreen
 .text.ucg_ccs_init
                0x08001062       0xc0 H:\TTCS\BUOI1NHOM2\Lib\liblibraries.a(ucg_ccs.o)
                0x08001062                ucg_ccs_init
 .text.ucg_ccs_step
                0x08001122       0x80 H:\TTCS\BUOI1NHOM2\Lib\liblibraries.a(ucg_ccs.o)
                0x08001122                ucg_ccs_step
 .text.ucg_ccs_seek
                0x080011a2       0xca H:\TTCS\BUOI1NHOM2\Lib\liblibraries.a(ucg_ccs.o)
                0x080011a2                ucg_ccs_seek
 .text.ucg_dev_default_cb
                0x0800126c       0x44 H:\TTCS\BUOI1NHOM2\Lib\liblibraries.a(ucg_dev_default_cb.o)
                0x0800126c                ucg_dev_default_cb
 .text.ucg_ext_none
                0x080012b0       0x1c H:\TTCS\BUOI1NHOM2\Lib\liblibraries.a(ucg_dev_default_cb.o)
                0x080012b0                ucg_ext_none
 .text.ucg_handle_st7735_l90fx
                0x080012cc       0xd8 H:\TTCS\BUOI1NHOM2\Lib\liblibraries.a(ucg_dev_ic_st7735.o)
                0x080012cc                ucg_handle_st7735_l90fx
 .text.ucg_handle_st7735_l90se
                0x080013a4      0x154 H:\TTCS\BUOI1NHOM2\Lib\liblibraries.a(ucg_dev_ic_st7735.o)
                0x080013a4                ucg_handle_st7735_l90se
 .text.ucg_dev_ic_st7735_18
                0x080014f8       0xf8 H:\TTCS\BUOI1NHOM2\Lib\liblibraries.a(ucg_dev_ic_st7735.o)
                0x080014f8                ucg_dev_ic_st7735_18
 .text.ucg_ext_st7735_18
                0x080015f0       0x28 H:\TTCS\BUOI1NHOM2\Lib\liblibraries.a(ucg_dev_ic_st7735.o)
                0x080015f0                ucg_ext_st7735_18
 .text.ucg_PowerDown
                0x08001618       0x34 H:\TTCS\BUOI1NHOM2\Lib\liblibraries.a(ucg_dev_msg_api.o)
                0x08001618                ucg_PowerDown
 .text.ucg_PowerUp
                0x0800164c       0x3c H:\TTCS\BUOI1NHOM2\Lib\liblibraries.a(ucg_dev_msg_api.o)
                0x0800164c                ucg_PowerUp
 .text.ucg_SetClipBox
                0x08001688       0x1e H:\TTCS\BUOI1NHOM2\Lib\liblibraries.a(ucg_dev_msg_api.o)
                0x08001688                ucg_SetClipBox
 .text.ucg_SetMaxClipRange
                0x080016a6       0x30 H:\TTCS\BUOI1NHOM2\Lib\liblibraries.a(ucg_dev_msg_api.o)
                0x080016a6                ucg_SetMaxClipRange
 .text.ucg_GetDimension
                0x080016d6       0x24 H:\TTCS\BUOI1NHOM2\Lib\liblibraries.a(ucg_dev_msg_api.o)
                0x080016d6                ucg_GetDimension
 .text.ucg_DrawL90FXWithArg
                0x080016fa       0x1e H:\TTCS\BUOI1NHOM2\Lib\liblibraries.a(ucg_dev_msg_api.o)
                0x080016fa                ucg_DrawL90FXWithArg
 .text.ucg_dev_st7735_18x128x128
                0x08001718       0x80 H:\TTCS\BUOI1NHOM2\Lib\liblibraries.a(ucg_dev_tft_128x128_st7735.o)
                0x08001718                ucg_dev_st7735_18x128x128
 .text.ucg_font_get_byte
                0x08001798       0x24 H:\TTCS\BUOI1NHOM2\Lib\liblibraries.a(ucg_font.o)
 .text.ucg_font_get_word
                0x080017bc       0x40 H:\TTCS\BUOI1NHOM2\Lib\liblibraries.a(ucg_font.o)
 .text.ucg_read_font_info
                0x080017fc      0x142 H:\TTCS\BUOI1NHOM2\Lib\liblibraries.a(ucg_font.o)
                0x080017fc                ucg_read_font_info
 .text.ucg_font_decode_get_unsigned_bits
                0x0800193e       0x96 H:\TTCS\BUOI1NHOM2\Lib\liblibraries.a(ucg_font.o)
                0x0800193e                ucg_font_decode_get_unsigned_bits
 .text.ucg_font_decode_get_signed_bits
                0x080019d4       0x46 H:\TTCS\BUOI1NHOM2\Lib\liblibraries.a(ucg_font.o)
                0x080019d4                ucg_font_decode_get_signed_bits
 .text.ucg_add_vector_y
                0x08001a1a       0x7a H:\TTCS\BUOI1NHOM2\Lib\liblibraries.a(ucg_font.o)
 .text.ucg_add_vector_x
                0x08001a94       0x7a H:\TTCS\BUOI1NHOM2\Lib\liblibraries.a(ucg_font.o)
 .text.ucg_font_decode_len
                0x08001b0e      0x118 H:\TTCS\BUOI1NHOM2\Lib\liblibraries.a(ucg_font.o)
                0x08001b0e                ucg_font_decode_len
 .text.ucg_font_setup_decode
                0x08001c26       0x64 H:\TTCS\BUOI1NHOM2\Lib\liblibraries.a(ucg_font.o)
 .text.ucg_font_decode_glyph
                0x08001c8a      0x14c H:\TTCS\BUOI1NHOM2\Lib\liblibraries.a(ucg_font.o)
                0x08001c8a                ucg_font_decode_glyph
 .text.ucg_font_get_glyph_data
                0x08001dd6       0x7a H:\TTCS\BUOI1NHOM2\Lib\liblibraries.a(ucg_font.o)
                0x08001dd6                ucg_font_get_glyph_data
 .text.ucg_font_draw_glyph
                0x08001e50       0x62 H:\TTCS\BUOI1NHOM2\Lib\liblibraries.a(ucg_font.o)
                0x08001e50                ucg_font_draw_glyph
 .text.ucg_SetFontMode
                0x08001eb2       0x20 H:\TTCS\BUOI1NHOM2\Lib\liblibraries.a(ucg_font.o)
                0x08001eb2                ucg_SetFontMode
 *fill*         0x08001ed2        0x2 
 .text.ucg_DrawGlyph
                0x08001ed4       0xb0 H:\TTCS\BUOI1NHOM2\Lib\liblibraries.a(ucg_font.o)
                0x08001ed4                ucg_DrawGlyph
 .text.task_drawString
                0x08001f84      0x138 H:\TTCS\BUOI1NHOM2\Lib\liblibraries.a(ucg_font.o)
                0x08001f84                task_drawString
 .text.ucg_DrawString
                0x080020bc       0x78 H:\TTCS\BUOI1NHOM2\Lib\liblibraries.a(ucg_font.o)
                0x080020bc                ucg_DrawString
 .text.ucg_UpdateRefHeight
                0x08002134       0xd8 H:\TTCS\BUOI1NHOM2\Lib\liblibraries.a(ucg_font.o)
                0x08002134                ucg_UpdateRefHeight
 .text.ucg_font_calc_vref_font
                0x0800220c       0x16 H:\TTCS\BUOI1NHOM2\Lib\liblibraries.a(ucg_font.o)
                0x0800220c                ucg_font_calc_vref_font
 *fill*         0x08002222        0x2 
 .text.ucg_SetFontPosBaseline
                0x08002224       0x20 H:\TTCS\BUOI1NHOM2\Lib\liblibraries.a(ucg_font.o)
                0x08002224                ucg_SetFontPosBaseline
 .text.ucg_SetFont
                0x08002244       0x4c H:\TTCS\BUOI1NHOM2\Lib\liblibraries.a(ucg_font.o)
                0x08002244                ucg_SetFont
 .text.ucg_init_struct
                0x08002290       0x50 H:\TTCS\BUOI1NHOM2\Lib\liblibraries.a(ucg_init.o)
                0x08002290                ucg_init_struct
 .text.ucg_Init
                0x080022e0       0x5c H:\TTCS\BUOI1NHOM2\Lib\liblibraries.a(ucg_init.o)
                0x080022e0                ucg_Init
 .text.ucg_Draw90Line
                0x0800233c       0x88 H:\TTCS\BUOI1NHOM2\Lib\liblibraries.a(ucg_line.o)
                0x0800233c                ucg_Draw90Line
 .text.ucg_DrawHLine
                0x080023c4       0x3e H:\TTCS\BUOI1NHOM2\Lib\liblibraries.a(ucg_line.o)
                0x080023c4                ucg_DrawHLine
 .text.ucg_SetColor
                0x08002402       0x5c H:\TTCS\BUOI1NHOM2\Lib\liblibraries.a(ucg_pixel.o)
                0x08002402                ucg_SetColor
 .text.ucg_UndoRotate
                0x0800245e       0x32 H:\TTCS\BUOI1NHOM2\Lib\liblibraries.a(ucg_rotate.o)
                0x0800245e                ucg_UndoRotate
 .text.ucg_rotate_180_xy
                0x08002490       0x66 H:\TTCS\BUOI1NHOM2\Lib\liblibraries.a(ucg_rotate.o)
 *fill*         0x080024f6        0x2 
 .text.ucg_dev_rotate180
                0x080024f8      0x100 H:\TTCS\BUOI1NHOM2\Lib\liblibraries.a(ucg_rotate.o)
                0x080024f8                ucg_dev_rotate180
 .text.ucg_SetRotate180
                0x080025f8       0x34 H:\TTCS\BUOI1NHOM2\Lib\liblibraries.a(ucg_rotate.o)
                0x080025f8                ucg_SetRotate180
 .text.GPIO_Init
                0x0800262c      0x11c H:\TTCS\BUOI1NHOM2\Lib\liblibraries.a(stm32f401re_gpio.o)
                0x0800262c                GPIO_Init
 .text.GPIO_WriteBit
                0x08002748       0x30 H:\TTCS\BUOI1NHOM2\Lib\liblibraries.a(stm32f401re_gpio.o)
                0x08002748                GPIO_WriteBit
 .text.ucg_clip_is_x_visible
                0x08002778       0x4a H:\TTCS\BUOI1NHOM2\Lib\liblibraries.a(ucg_clip.o)
 .text.ucg_clip_is_y_visible
                0x080027c2       0x4a H:\TTCS\BUOI1NHOM2\Lib\liblibraries.a(ucg_clip.o)
 .text.ucg_clip_intersection
                0x0800280c       0x74 H:\TTCS\BUOI1NHOM2\Lib\liblibraries.a(ucg_clip.o)
 .text.ucg_clip_is_pixel_visible
                0x08002880       0x32 H:\TTCS\BUOI1NHOM2\Lib\liblibraries.a(ucg_clip.o)
                0x08002880                ucg_clip_is_pixel_visible
 *fill*         0x080028b2        0x2 
 .text.ucg_clip_l90fx
                0x080028b4      0x300 H:\TTCS\BUOI1NHOM2\Lib\liblibraries.a(ucg_clip.o)
                0x080028b4                ucg_clip_l90fx
 .text.ucg_clip_l90se
                0x08002bb4       0x54 H:\TTCS\BUOI1NHOM2\Lib\liblibraries.a(ucg_clip.o)
                0x08002bb4                ucg_clip_l90se
 .text.ucg_com_PowerDown
                0x08002c08       0x3e H:\TTCS\BUOI1NHOM2\Lib\liblibraries.a(ucg_com_msg_api.o)
                0x08002c08                ucg_com_PowerDown
 .text.ucg_com_PowerUp
                0x08002c46       0x60 H:\TTCS\BUOI1NHOM2\Lib\liblibraries.a(ucg_com_msg_api.o)
                0x08002c46                ucg_com_PowerUp
 .text.ucg_com_SetLineStatus
                0x08002ca6       0xe2 H:\TTCS\BUOI1NHOM2\Lib\liblibraries.a(ucg_com_msg_api.o)
                0x08002ca6                ucg_com_SetLineStatus
 .text.ucg_com_SetResetLineStatus
                0x08002d88       0x20 H:\TTCS\BUOI1NHOM2\Lib\liblibraries.a(ucg_com_msg_api.o)
                0x08002d88                ucg_com_SetResetLineStatus
 .text.ucg_com_SetCSLineStatus
                0x08002da8       0x20 H:\TTCS\BUOI1NHOM2\Lib\liblibraries.a(ucg_com_msg_api.o)
                0x08002da8                ucg_com_SetCSLineStatus
 .text.ucg_com_SetCDLineStatus
                0x08002dc8       0x20 H:\TTCS\BUOI1NHOM2\Lib\liblibraries.a(ucg_com_msg_api.o)
                0x08002dc8                ucg_com_SetCDLineStatus
 .text.ucg_com_DelayMicroseconds
                0x08002de8       0x22 H:\TTCS\BUOI1NHOM2\Lib\liblibraries.a(ucg_com_msg_api.o)
                0x08002de8                ucg_com_DelayMicroseconds
 .text.ucg_com_DelayMilliseconds
                0x08002e0a       0x2c H:\TTCS\BUOI1NHOM2\Lib\liblibraries.a(ucg_com_msg_api.o)
                0x08002e0a                ucg_com_DelayMilliseconds
 .text.ucg_com_SendByte
                0x08002e36       0x24 H:\TTCS\BUOI1NHOM2\Lib\liblibraries.a(ucg_com_msg_api.o)
                0x08002e36                ucg_com_SendByte
 .text.ucg_com_SendStringP
                0x08002e5a       0x40 H:\TTCS\BUOI1NHOM2\Lib\liblibraries.a(ucg_com_msg_api.o)
                0x08002e5a                ucg_com_SendStringP
 .text.ucg_com_SendCmdArg
                0x08002e9a       0x74 H:\TTCS\BUOI1NHOM2\Lib\liblibraries.a(ucg_com_msg_api.o)
 *fill*         0x08002f0e        0x2 
 .text.ucg_com_SendCmdSeq
                0x08002f10      0x278 H:\TTCS\BUOI1NHOM2\Lib\liblibraries.a(ucg_com_msg_api.o)
                0x08002f10                ucg_com_SendCmdSeq
 .text.__libc_init_array
                0x08003188       0x48 C:/ST/STM32CubeIDE_2.1.1/STM32CubeIDE/plugins/com.st.stm32cube.ide.mcu.externaltools.gnu-tools-for-stm32.14.3.rel1.win32_1.0.100.202602081740/tools/bin/../lib/gcc/arm-none-eabi/14.3.1/../../../../arm-none-eabi/lib/thumb/v7e-m+fp/hard\libc_nano.a(libc_a-init.o)
                0x08003188                __libc_init_array
 *(.glue_7)
 .glue_7        0x080031d0        0x0 linker stubs
 *(.glue_7t)
 .glue_7t       0x080031d0        0x0 linker stubs
 *(.eh_frame)
 .eh_frame      0x080031d0        0x0 C:/ST/STM32CubeIDE_2.1.1/STM32CubeIDE/plugins/com.st.stm32cube.ide.mcu.externaltools.gnu-tools-for-stm32.14.3.rel1.win32_1.0.100.202602081740/tools/bin/../lib/gcc/arm-none-eabi/14.3.1/thumb/v7e-m+fp/hard/crtbegin.o
 *(.init)
 .init          0x080031d0        0x4 C:/ST/STM32CubeIDE_2.1.1/STM32CubeIDE/plugins/com.st.stm32cube.ide.mcu.externaltools.gnu-tools-for-stm32.14.3.rel1.win32_1.0.100.202602081740/tools/bin/../lib/gcc/arm-none-eabi/14.3.1/thumb/v7e-m+fp/hard/crti.o
                0x080031d0                _init
 .init          0x080031d4        0x8 C:/ST/STM32CubeIDE_2.1.1/STM32CubeIDE/plugins/com.st.stm32cube.ide.mcu.externaltools.gnu-tools-for-stm32.14.3.rel1.win32_1.0.100.202602081740/tools/bin/../lib/gcc/arm-none-eabi/14.3.1/thumb/v7e-m+fp/hard/crtn.o
 *(.fini)
 .fini          0x080031dc        0x4 C:/ST/STM32CubeIDE_2.1.1/STM32CubeIDE/plugins/com.st.stm32cube.ide.mcu.externaltools.gnu-tools-for-stm32.14.3.rel1.win32_1.0.100.202602081740/tools/bin/../lib/gcc/arm-none-eabi/14.3.1/thumb/v7e-m+fp/hard/crti.o
                0x080031dc                _fini
 .fini          0x080031e0        0x8 C:/ST/STM32CubeIDE_2.1.1/STM32CubeIDE/plugins/com.st.stm32cube.ide.mcu.externaltools.gnu-tools-for-stm32.14.3.rel1.win32_1.0.100.202602081740/tools/bin/../lib/gcc/arm-none-eabi/14.3.1/thumb/v7e-m+fp/hard/crtn.o
                0x080031e8                        . = ALIGN (0x4)
                0x080031e8                        _etext = .

.vfp11_veneer   0x080031e8        0x0
 .vfp11_veneer  0x080031e8        0x0 linker stubs

.v4_bx          0x080031e8        0x0
 .v4_bx         0x080031e8        0x0 linker stubs

.iplt           0x080031e8        0x0
 .iplt          0x080031e8        0x0 C:/ST/STM32CubeIDE_2.1.1/STM32CubeIDE/plugins/com.st.stm32cube.ide.mcu.externaltools.gnu-tools-for-stm32.14.3.rel1.win32_1.0.100.202602081740/tools/bin/../lib/gcc/arm-none-eabi/14.3.1/thumb/v7e-m+fp/hard/crtbegin.o

.rodata         0x080031e8     0x1720
                0x080031e8                        . = ALIGN (0x4)
 *(.rodata)
 .rodata        0x080031e8       0x1c ./Src/main.o
 .rodata        0x08003204        0xf H:\TTCS\BUOI1NHOM2\Lib\liblibraries.a(ucg_font.o)
 *(.rodata*)
 *fill*         0x08003213        0x1 
 .rodata.AHBPrescTable
                0x08003214       0x10 ./SDK_1.0.3_NUCLEO-F401RE/shared-20260323T021029Z-3-001/shared/Drivers/CMSIS/Source/system_stm32f4xx.o
                0x08003214                AHBPrescTable
 .rodata.APBAHBPrescTable
                0x08003224       0x10 ./SDK_1.0.3_NUCLEO-F401RE/shared-20260323T021029Z-3-001/shared/Drivers/STM32F401RE_StdPeriph_Driver/src/stm32f401re_rcc.o
 .rodata.ucg_st7735_set_pos_seq
                0x08003234       0x1e H:\TTCS\BUOI1NHOM2\Lib\liblibraries.a(ucg_dev_ic_st7735.o)
                0x08003234                ucg_st7735_set_pos_seq
 *fill*         0x08003252        0x2 
 .rodata.ucg_st7735_set_pos_dir0_seq
                0x08003254       0x1e H:\TTCS\BUOI1NHOM2\Lib\liblibraries.a(ucg_dev_ic_st7735.o)
                0x08003254                ucg_st7735_set_pos_dir0_seq
 *fill*         0x08003272        0x2 
 .rodata.ucg_st7735_set_pos_dir1_seq
                0x08003274       0x21 H:\TTCS\BUOI1NHOM2\Lib\liblibraries.a(ucg_dev_ic_st7735.o)
                0x08003274                ucg_st7735_set_pos_dir1_seq
 *fill*         0x08003295        0x3 
 .rodata.ucg_st7735_set_pos_dir2_seq
                0x08003298       0x21 H:\TTCS\BUOI1NHOM2\Lib\liblibraries.a(ucg_dev_ic_st7735.o)
                0x08003298                ucg_st7735_set_pos_dir2_seq
 *fill*         0x080032b9        0x3 
 .rodata.ucg_st7735_set_pos_dir3_seq
                0x080032bc       0x24 H:\TTCS\BUOI1NHOM2\Lib\liblibraries.a(ucg_dev_ic_st7735.o)
                0x080032bc                ucg_st7735_set_pos_dir3_seq
 .rodata.ucg_st7735_power_down_seq
                0x080032e0        0x7 H:\TTCS\BUOI1NHOM2\Lib\liblibraries.a(ucg_dev_ic_st7735.o)
 *fill*         0x080032e7        0x1 
 .rodata.ucg_tft_128x160_st7735_init_seq
                0x080032e8       0x2c H:\TTCS\BUOI1NHOM2\Lib\liblibraries.a(ucg_dev_tft_128x128_st7735.o)
 .rodata.ucg_font_ncenR18_tf
                0x08003314     0x15f4 H:\TTCS\BUOI1NHOM2\Lib\liblibraries.a(ucg_pixel_font_data.o)
                0x08003314                ucg_font_ncenR18_tf
                0x08004908                        . = ALIGN (0x4)

.rel.dyn        0x08004908        0x0
 .rel.iplt      0x08004908        0x0 C:/ST/STM32CubeIDE_2.1.1/STM32CubeIDE/plugins/com.st.stm32cube.ide.mcu.externaltools.gnu-tools-for-stm32.14.3.rel1.win32_1.0.100.202602081740/tools/bin/../lib/gcc/arm-none-eabi/14.3.1/thumb/v7e-m+fp/hard/crtbegin.o

.ARM.extab      0x08004908        0x0
                0x08004908                        . = ALIGN (0x4)
 *(.ARM.extab* .gnu.linkonce.armextab.*)
                0x08004908                        . = ALIGN (0x4)

.ARM            0x08004908        0x0
                0x08004908                        . = ALIGN (0x4)
                0x08004908                        __exidx_start = .
 *(.ARM.exidx*)
                0x08004908                        __exidx_end = .
                0x08004908                        . = ALIGN (0x4)

.preinit_array  0x08004908        0x0
                0x08004908                        . = ALIGN (0x4)
                0x08004908                        PROVIDE (__preinit_array_start = .)
 *(.preinit_array*)
                0x08004908                        PROVIDE (__preinit_array_end = .)
                0x08004908                        . = ALIGN (0x4)

.init_array     0x08004908        0x4
                0x08004908                        . = ALIGN (0x4)
                0x08004908                        PROVIDE (__init_array_start = .)
 *(SORT_BY_NAME(.init_array.*))
 *(.init_array*)
 .init_array    0x08004908        0x4 C:/ST/STM32CubeIDE_2.1.1/STM32CubeIDE/plugins/com.st.stm32cube.ide.mcu.externaltools.gnu-tools-for-stm32.14.3.rel1.win32_1.0.100.202602081740/tools/bin/../lib/gcc/arm-none-eabi/14.3.1/thumb/v7e-m+fp/hard/crtbegin.o
                0x0800490c                        PROVIDE (__init_array_end = .)
                0x0800490c                        . = ALIGN (0x4)

.fini_array     0x0800490c        0x4
                0x0800490c                        . = ALIGN (0x4)
                [!provide]                        PROVIDE (__fini_array_start = .)
 *(SORT_BY_NAME(.fini_array.*))
 *(.fini_array*)
 .fini_array    0x0800490c        0x4 C:/ST/STM32CubeIDE_2.1.1/STM32CubeIDE/plugins/com.st.stm32cube.ide.mcu.externaltools.gnu-tools-for-stm32.14.3.rel1.win32_1.0.100.202602081740/tools/bin/../lib/gcc/arm-none-eabi/14.3.1/thumb/v7e-m+fp/hard/crtbegin.o
                [!provide]                        PROVIDE (__fini_array_end = .)
                0x08004910                        . = ALIGN (0x4)
                0x08004910                        _sidata = LOADADDR (.data)

.data           0x20000000        0x8 load address 0x08004910
                0x20000000                        . = ALIGN (0x4)
                0x20000000                        _sdata = .
 *(.data)
 *(.data*)
 .data.SystemCoreClock
                0x20000000        0x4 ./SDK_1.0.3_NUCLEO-F401RE/shared-20260323T021029Z-3-001/shared/Drivers/CMSIS/Source/system_stm32f4xx.o
                0x20000000                SystemCoreClock
 .data.idTaskScanDecodeLen
                0x20000004        0x1 H:\TTCS\BUOI1NHOM2\Lib\liblibraries.a(ucg_font.o)
 *(.RamFunc)
 *(.RamFunc*)
                0x20000008                        . = ALIGN (0x4)
 *fill*         0x20000005        0x3 
                0x20000008                        _edata = .

.igot.plt       0x20000008        0x0 load address 0x08004918
 .igot.plt      0x20000008        0x0 C:/ST/STM32CubeIDE_2.1.1/STM32CubeIDE/plugins/com.st.stm32cube.ide.mcu.externaltools.gnu-tools-for-stm32.14.3.rel1.win32_1.0.100.202602081740/tools/bin/../lib/gcc/arm-none-eabi/14.3.1/thumb/v7e-m+fp/hard/crtbegin.o
                0x20000008                        . = ALIGN (0x4)

.bss            0x20000008     0x1274 load address 0x08004918
                0x20000008                        _sbss = .
                0x20000008                        __bss_start__ = _sbss
 *(.bss)
 .bss           0x20000008       0x1c C:/ST/STM32CubeIDE_2.1.1/STM32CubeIDE/plugins/com.st.stm32cube.ide.mcu.externaltools.gnu-tools-for-stm32.14.3.rel1.win32_1.0.100.202602081740/tools/bin/../lib/gcc/arm-none-eabi/14.3.1/thumb/v7e-m+fp/hard/crtbegin.o
 *(.bss*)
 .bss.ucg       0x20000024       0xb4 ./Src/main.o
 .bss.g_pTimerHandle
                0x200000d8      0x180 H:\TTCS\BUOI1NHOM2\Lib\liblibraries.a(timer.o)
 .bss.g_wMilSecTickTimer
                0x20000258        0x4 H:\TTCS\BUOI1NHOM2\Lib\liblibraries.a(timer.o)
 .bss.fontQueue
                0x2000025c       0x10 H:\TTCS\BUOI1NHOM2\Lib\liblibraries.a(ucg_font.o)
 .bss.pQueueFont
                0x2000026c     0x1000 H:\TTCS\BUOI1NHOM2\Lib\liblibraries.a(ucg_font.o)
 .bss.next.7562
                0x2000126c        0x1 H:\TTCS\BUOI1NHOM2\Lib\liblibraries.a(ucg_font.o)
 *(COMMON)
 *fill*         0x2000126d        0x3 
 COMMON         0x20001270        0xc H:\TTCS\BUOI1NHOM2\Lib\liblibraries.a(ucg_font.o)
                0x20001270                ucg_draw_str
                0x2000127c                        . = ALIGN (0x4)
                0x2000127c                        _ebss = .
                0x2000127c                        __bss_end__ = _ebss

._user_heap_stack
                0x2000127c      0x604 load address 0x08004918
                0x20001280                        . = ALIGN (0x8)
 *fill*         0x2000127c        0x4 
                [!provide]                        PROVIDE (end = .)
                0x20001280                        PROVIDE (_end = .)
                0x20001480                        . = (. + _Min_Heap_Size)
 *fill*         0x20001280      0x200 
                0x20001880                        . = (. + _Min_Stack_Size)
 *fill*         0x20001480      0x400 
                0x20001880                        . = ALIGN (0x8)

/DISCARD/
 libc.a(*)
 libm.a(*)
 libgcc.a(*)

.ARM.attributes
                0x00000000       0x30
 *(.ARM.attributes)
 .ARM.attributes
                0x00000000       0x22 C:/ST/STM32CubeIDE_2.1.1/STM32CubeIDE/plugins/com.st.stm32cube.ide.mcu.externaltools.gnu-tools-for-stm32.14.3.rel1.win32_1.0.100.202602081740/tools/bin/../lib/gcc/arm-none-eabi/14.3.1/thumb/v7e-m+fp/hard/crti.o
 .ARM.attributes
                0x00000022       0x34 C:/ST/STM32CubeIDE_2.1.1/STM32CubeIDE/plugins/com.st.stm32cube.ide.mcu.externaltools.gnu-tools-for-stm32.14.3.rel1.win32_1.0.100.202602081740/tools/bin/../lib/gcc/arm-none-eabi/14.3.1/thumb/v7e-m+fp/hard/crtbegin.o
 .ARM.attributes
                0x00000056       0x34 ./SDK_1.0.3_NUCLEO-F401RE/shared-20260323T021029Z-3-001/shared/Drivers/CMSIS/Source/system_stm32f4xx.o
 .ARM.attributes
                0x0000008a       0x34 ./SDK_1.0.3_NUCLEO-F401RE/shared-20260323T021029Z-3-001/shared/Drivers/STM32F401RE_StdPeriph_Driver/src/stm32f401re_rcc.o
 .ARM.attributes
                0x000000be       0x34 ./SDK_1.0.3_NUCLEO-F401RE/shared-20260323T021029Z-3-001/shared/Utilities/buff.o
 .ARM.attributes
                0x000000f2       0x34 ./SDK_1.0.3_NUCLEO-F401RE/shared-20260323T021029Z-3-001/shared/Utilities/utilities.o
 .ARM.attributes
                0x00000126       0x34 ./Src/main.o
 .ARM.attributes
                0x0000015a       0x21 ./Startup/startup_stm32f401retx.o
 .ARM.attributes
                0x0000017b       0x39 H:\TTCS\BUOI1NHOM2\Lib\liblibraries.a(timer.o)
 .ARM.attributes
                0x000001b4       0x39 H:\TTCS\BUOI1NHOM2\Lib\liblibraries.a(Ucglib.o)
 .ARM.attributes
                0x000001ed       0x39 H:\TTCS\BUOI1NHOM2\Lib\liblibraries.a(ucg_box.o)
 .ARM.attributes
                0x00000226       0x39 H:\TTCS\BUOI1NHOM2\Lib\liblibraries.a(ucg_ccs.o)
 .ARM.attributes
                0x0000025f       0x39 H:\TTCS\BUOI1NHOM2\Lib\liblibraries.a(ucg_dev_default_cb.o)
 .ARM.attributes
                0x00000298       0x39 H:\TTCS\BUOI1NHOM2\Lib\liblibraries.a(ucg_dev_ic_st7735.o)
 .ARM.attributes
                0x000002d1       0x39 H:\TTCS\BUOI1NHOM2\Lib\liblibraries.a(ucg_dev_msg_api.o)
 .ARM.attributes
                0x0000030a       0x39 H:\TTCS\BUOI1NHOM2\Lib\liblibraries.a(ucg_dev_tft_128x128_st7735.o)
 .ARM.attributes
                0x00000343       0x39 H:\TTCS\BUOI1NHOM2\Lib\liblibraries.a(ucg_font.o)
 .ARM.attributes
                0x0000037c       0x39 H:\TTCS\BUOI1NHOM2\Lib\liblibraries.a(ucg_init.o)
 .ARM.attributes
                0x000003b5       0x39 H:\TTCS\BUOI1NHOM2\Lib\liblibraries.a(ucg_line.o)
 .ARM.attributes
                0x000003ee       0x39 H:\TTCS\BUOI1NHOM2\Lib\liblibraries.a(ucg_pixel.o)
 .ARM.attributes
                0x00000427       0x39 H:\TTCS\BUOI1NHOM2\Lib\liblibraries.a(ucg_pixel_font_data.o)
 .ARM.attributes
                0x00000460       0x39 H:\TTCS\BUOI1NHOM2\Lib\liblibraries.a(ucg_rotate.o)
 .ARM.attributes
                0x00000499       0x39 H:\TTCS\BUOI1NHOM2\Lib\liblibraries.a(stm32f401re_gpio.o)
 .ARM.attributes
                0x000004d2       0x39 H:\TTCS\BUOI1NHOM2\Lib\liblibraries.a(ucg_clip.o)
 .ARM.attributes
                0x0000050b       0x39 H:\TTCS\BUOI1NHOM2\Lib\liblibraries.a(ucg_com_msg_api.o)
 .ARM.attributes
                0x00000544       0x34 C:/ST/STM32CubeIDE_2.1.1/STM32CubeIDE/plugins/com.st.stm32cube.ide.mcu.externaltools.gnu-tools-for-stm32.14.3.rel1.win32_1.0.100.202602081740/tools/bin/../lib/gcc/arm-none-eabi/14.3.1/../../../../arm-none-eabi/lib/thumb/v7e-m+fp/hard\libc_nano.a(libc_a-init.o)
 .ARM.attributes
                0x00000578       0x22 C:/ST/STM32CubeIDE_2.1.1/STM32CubeIDE/plugins/com.st.stm32cube.ide.mcu.externaltools.gnu-tools-for-stm32.14.3.rel1.win32_1.0.100.202602081740/tools/bin/../lib/gcc/arm-none-eabi/14.3.1/thumb/v7e-m+fp/hard/crtn.o
OUTPUT(ProjectDauTien.elf elf32-littlearm)
LOAD linker stubs
LOAD C:/ST/STM32CubeIDE_2.1.1/STM32CubeIDE/plugins/com.st.stm32cube.ide.mcu.externaltools.gnu-tools-for-stm32.14.3.rel1.win32_1.0.100.202602081740/tools/bin/../lib/gcc/arm-none-eabi/14.3.1/../../../../arm-none-eabi/lib/thumb/v7e-m+fp/hard\libc.a
LOAD C:/ST/STM32CubeIDE_2.1.1/STM32CubeIDE/plugins/com.st.stm32cube.ide.mcu.externaltools.gnu-tools-for-stm32.14.3.rel1.win32_1.0.100.202602081740/tools/bin/../lib/gcc/arm-none-eabi/14.3.1/../../../../arm-none-eabi/lib/thumb/v7e-m+fp/hard\libm.a
LOAD C:/ST/STM32CubeIDE_2.1.1/STM32CubeIDE/plugins/com.st.stm32cube.ide.mcu.externaltools.gnu-tools-for-stm32.14.3.rel1.win32_1.0.100.202602081740/tools/bin/../lib/gcc/arm-none-eabi/14.3.1/thumb/v7e-m+fp/hard\libgcc.a

.debug_info     0x00000000    0x3416d
 .debug_info    0x00000000      0x5d3 ./SDK_1.0.3_NUCLEO-F401RE/shared-20260323T021029Z-3-001/shared/Drivers/CMSIS/Source/system_stm32f4xx.o
 .debug_info    0x000005d3      0xcde ./SDK_1.0.3_NUCLEO-F401RE/shared-20260323T021029Z-3-001/shared/Drivers/STM32F401RE_StdPeriph_Driver/src/stm32f401re_rcc.o
 .debug_info    0x000012b1      0x305 ./SDK_1.0.3_NUCLEO-F401RE/shared-20260323T021029Z-3-001/shared/Utilities/buff.o
 .debug_info    0x000015b6      0x2b8 ./SDK_1.0.3_NUCLEO-F401RE/shared-20260323T021029Z-3-001/shared/Utilities/utilities.o
 .debug_info    0x0000186e      0x7be ./Src/main.o
 .debug_info    0x0000202c       0x30 ./Startup/startup_stm32f401retx.o
 .debug_info    0x0000205c      0x922 H:\TTCS\BUOI1NHOM2\Lib\liblibraries.a(timer.o)
 .debug_info    0x0000297e     0x333f H:\TTCS\BUOI1NHOM2\Lib\liblibraries.a(Ucglib.o)
 .debug_info    0x00005cbd     0x329d H:\TTCS\BUOI1NHOM2\Lib\liblibraries.a(ucg_box.o)
 .debug_info    0x00008f5a     0x2b08 H:\TTCS\BUOI1NHOM2\Lib\liblibraries.a(ucg_ccs.o)
 .debug_info    0x0000ba62     0x324b H:\TTCS\BUOI1NHOM2\Lib\liblibraries.a(ucg_dev_default_cb.o)
 .debug_info    0x0000ecad     0x3272 H:\TTCS\BUOI1NHOM2\Lib\liblibraries.a(ucg_dev_ic_st7735.o)
 .debug_info    0x00011f1f     0x3178 H:\TTCS\BUOI1NHOM2\Lib\liblibraries.a(ucg_dev_msg_api.o)
 .debug_info    0x00015097     0x303e H:\TTCS\BUOI1NHOM2\Lib\liblibraries.a(ucg_dev_tft_128x128_st7735.o)
 .debug_info    0x000180d5     0x43ab H:\TTCS\BUOI1NHOM2\Lib\liblibraries.a(ucg_font.o)
 .debug_info    0x0001c480     0x3856 H:\TTCS\BUOI1NHOM2\Lib\liblibraries.a(ucg_init.o)
 .debug_info    0x0001fcd6     0x3222 H:\TTCS\BUOI1NHOM2\Lib\liblibraries.a(ucg_line.o)
 .debug_info    0x00022ef8     0x3056 H:\TTCS\BUOI1NHOM2\Lib\liblibraries.a(ucg_pixel.o)
 .debug_info    0x00025f4e     0x43df H:\TTCS\BUOI1NHOM2\Lib\liblibraries.a(ucg_pixel_font_data.o)
 .debug_info    0x0002a32d     0x3231 H:\TTCS\BUOI1NHOM2\Lib\liblibraries.a(ucg_rotate.o)
 .debug_info    0x0002d55e      0x62b H:\TTCS\BUOI1NHOM2\Lib\liblibraries.a(stm32f401re_gpio.o)
 .debug_info    0x0002db89     0x315a H:\TTCS\BUOI1NHOM2\Lib\liblibraries.a(ucg_clip.o)
 .debug_info    0x00030ce3     0x348a H:\TTCS\BUOI1NHOM2\Lib\liblibraries.a(ucg_com_msg_api.o)

.debug_abbrev   0x00000000     0x2371
 .debug_abbrev  0x00000000      0x142 ./SDK_1.0.3_NUCLEO-F401RE/shared-20260323T021029Z-3-001/shared/Drivers/CMSIS/Source/system_stm32f4xx.o
 .debug_abbrev  0x00000142      0x20c ./SDK_1.0.3_NUCLEO-F401RE/shared-20260323T021029Z-3-001/shared/Drivers/STM32F401RE_StdPeriph_Driver/src/stm32f401re_rcc.o
 .debug_abbrev  0x0000034e      0x13c ./SDK_1.0.3_NUCLEO-F401RE/shared-20260323T021029Z-3-001/shared/Utilities/buff.o
 .debug_abbrev  0x0000048a       0xe3 ./SDK_1.0.3_NUCLEO-F401RE/shared-20260323T021029Z-3-001/shared/Utilities/utilities.o
 .debug_abbrev  0x0000056d      0x1a2 ./Src/main.o
 .debug_abbrev  0x0000070f       0x24 ./Startup/startup_stm32f401retx.o
 .debug_abbrev  0x00000733      0x29a H:\TTCS\BUOI1NHOM2\Lib\liblibraries.a(timer.o)
 .debug_abbrev  0x000009cd      0x202 H:\TTCS\BUOI1NHOM2\Lib\liblibraries.a(Ucglib.o)
 .debug_abbrev  0x00000bcf      0x18b H:\TTCS\BUOI1NHOM2\Lib\liblibraries.a(ucg_box.o)
 .debug_abbrev  0x00000d5a       0xf5 H:\TTCS\BUOI1NHOM2\Lib\liblibraries.a(ucg_ccs.o)
 .debug_abbrev  0x00000e4f      0x19e H:\TTCS\BUOI1NHOM2\Lib\liblibraries.a(ucg_dev_default_cb.o)
 .debug_abbrev  0x00000fed      0x1dc H:\TTCS\BUOI1NHOM2\Lib\liblibraries.a(ucg_dev_ic_st7735.o)
 .debug_abbrev  0x000011c9      0x191 H:\TTCS\BUOI1NHOM2\Lib\liblibraries.a(ucg_dev_msg_api.o)
 .debug_abbrev  0x0000135a      0x14e H:\TTCS\BUOI1NHOM2\Lib\liblibraries.a(ucg_dev_tft_128x128_st7735.o)
 .debug_abbrev  0x000014a8      0x2fc H:\TTCS\BUOI1NHOM2\Lib\liblibraries.a(ucg_font.o)
 .debug_abbrev  0x000017a4      0x1c6 H:\TTCS\BUOI1NHOM2\Lib\liblibraries.a(ucg_init.o)
 .debug_abbrev  0x0000196a      0x175 H:\TTCS\BUOI1NHOM2\Lib\liblibraries.a(ucg_line.o)
 .debug_abbrev  0x00001adf      0x148 H:\TTCS\BUOI1NHOM2\Lib\liblibraries.a(ucg_pixel.o)
 .debug_abbrev  0x00001c27       0x83 H:\TTCS\BUOI1NHOM2\Lib\liblibraries.a(ucg_pixel_font_data.o)
 .debug_abbrev  0x00001caa      0x1a3 H:\TTCS\BUOI1NHOM2\Lib\liblibraries.a(ucg_rotate.o)
 .debug_abbrev  0x00001e4d      0x1bf H:\TTCS\BUOI1NHOM2\Lib\liblibraries.a(stm32f401re_gpio.o)
 .debug_abbrev  0x0000200c      0x173 H:\TTCS\BUOI1NHOM2\Lib\liblibraries.a(ucg_clip.o)
 .debug_abbrev  0x0000217f      0x1f2 H:\TTCS\BUOI1NHOM2\Lib\liblibraries.a(ucg_com_msg_api.o)

.debug_aranges  0x00000000      0x8d8
 .debug_aranges
                0x00000000       0x30 ./SDK_1.0.3_NUCLEO-F401RE/shared-20260323T021029Z-3-001/shared/Drivers/CMSIS/Source/system_stm32f4xx.o
 .debug_aranges
                0x00000030      0x198 ./SDK_1.0.3_NUCLEO-F401RE/shared-20260323T021029Z-3-001/shared/Drivers/STM32F401RE_StdPeriph_Driver/src/stm32f401re_rcc.o
 .debug_aranges
                0x000001c8       0x50 ./SDK_1.0.3_NUCLEO-F401RE/shared-20260323T021029Z-3-001/shared/Utilities/buff.o
 .debug_aranges
                0x00000218       0x48 ./SDK_1.0.3_NUCLEO-F401RE/shared-20260323T021029Z-3-001/shared/Utilities/utilities.o
 .debug_aranges
                0x00000260       0x20 ./Src/main.o
 .debug_aranges
                0x00000280       0x28 ./Startup/startup_stm32f401retx.o
 .debug_aranges
                0x000002a8       0x70 H:\TTCS\BUOI1NHOM2\Lib\liblibraries.a(timer.o)
 .debug_aranges
                0x00000318       0x48 H:\TTCS\BUOI1NHOM2\Lib\liblibraries.a(Ucglib.o)
 .debug_aranges
                0x00000360       0x48 H:\TTCS\BUOI1NHOM2\Lib\liblibraries.a(ucg_box.o)
 .debug_aranges
                0x000003a8       0x30 H:\TTCS\BUOI1NHOM2\Lib\liblibraries.a(ucg_ccs.o)
 .debug_aranges
                0x000003d8       0x48 H:\TTCS\BUOI1NHOM2\Lib\liblibraries.a(ucg_dev_default_cb.o)
 .debug_aranges
                0x00000420       0x40 H:\TTCS\BUOI1NHOM2\Lib\liblibraries.a(ucg_dev_ic_st7735.o)
 .debug_aranges
                0x00000460       0x60 H:\TTCS\BUOI1NHOM2\Lib\liblibraries.a(ucg_dev_msg_api.o)
 .debug_aranges
                0x000004c0       0x20 H:\TTCS\BUOI1NHOM2\Lib\liblibraries.a(ucg_dev_tft_128x128_st7735.o)
 .debug_aranges
                0x000004e0      0x168 H:\TTCS\BUOI1NHOM2\Lib\liblibraries.a(ucg_font.o)
 .debug_aranges
                0x00000648       0x28 H:\TTCS\BUOI1NHOM2\Lib\liblibraries.a(ucg_init.o)
 .debug_aranges
                0x00000670       0x48 H:\TTCS\BUOI1NHOM2\Lib\liblibraries.a(ucg_line.o)
 .debug_aranges
                0x000006b8       0x28 H:\TTCS\BUOI1NHOM2\Lib\liblibraries.a(ucg_pixel.o)
 .debug_aranges
                0x000006e0       0x18 H:\TTCS\BUOI1NHOM2\Lib\liblibraries.a(ucg_pixel_font_data.o)
 .debug_aranges
                0x000006f8       0x68 H:\TTCS\BUOI1NHOM2\Lib\liblibraries.a(ucg_rotate.o)
 .debug_aranges
                0x00000760       0x88 H:\TTCS\BUOI1NHOM2\Lib\liblibraries.a(stm32f401re_gpio.o)
 .debug_aranges
                0x000007e8       0x50 H:\TTCS\BUOI1NHOM2\Lib\liblibraries.a(ucg_clip.o)
 .debug_aranges
                0x00000838       0xa0 H:\TTCS\BUOI1NHOM2\Lib\liblibraries.a(ucg_com_msg_api.o)

.debug_rnglists
                0x00000000      0x1e8
 .debug_rnglists
                0x00000000       0x21 ./SDK_1.0.3_NUCLEO-F401RE/shared-20260323T021029Z-3-001/shared/Drivers/CMSIS/Source/system_stm32f4xx.o
 .debug_rnglists
                0x00000021      0x12e ./SDK_1.0.3_NUCLEO-F401RE/shared-20260323T021029Z-3-001/shared/Drivers/STM32F401RE_StdPeriph_Driver/src/stm32f401re_rcc.o
 .debug_rnglists
                0x0000014f       0x39 ./SDK_1.0.3_NUCLEO-F401RE/shared-20260323T021029Z-3-001/shared/Utilities/buff.o
 .debug_rnglists
                0x00000188       0x33 ./SDK_1.0.3_NUCLEO-F401RE/shared-20260323T021029Z-3-001/shared/Utilities/utilities.o
 .debug_rnglists
                0x000001bb       0x14 ./Src/main.o
 .debug_rnglists
                0x000001cf       0x19 ./Startup/startup_stm32f401retx.o

.debug_macro    0x00000000    0x125f9
 .debug_macro   0x00000000       0xce ./SDK_1.0.3_NUCLEO-F401RE/shared-20260323T021029Z-3-001/shared/Drivers/CMSIS/Source/system_stm32f4xx.o
 .debug_macro   0x000000ce      0xae4 ./SDK_1.0.3_NUCLEO-F401RE/shared-20260323T021029Z-3-001/shared/Drivers/CMSIS/Source/system_stm32f4xx.o
 .debug_macro   0x00000bb2       0x40 ./SDK_1.0.3_NUCLEO-F401RE/shared-20260323T021029Z-3-001/shared/Drivers/CMSIS/Source/system_stm32f4xx.o
 .debug_macro   0x00000bf2       0x3b ./SDK_1.0.3_NUCLEO-F401RE/shared-20260323T021029Z-3-001/shared/Drivers/CMSIS/Source/system_stm32f4xx.o
 .debug_macro   0x00000c2d       0x22 ./SDK_1.0.3_NUCLEO-F401RE/shared-20260323T021029Z-3-001/shared/Drivers/CMSIS/Source/system_stm32f4xx.o
 .debug_macro   0x00000c4f       0x8e ./SDK_1.0.3_NUCLEO-F401RE/shared-20260323T021029Z-3-001/shared/Drivers/CMSIS/Source/system_stm32f4xx.o
 .debug_macro   0x00000cdd       0x51 ./SDK_1.0.3_NUCLEO-F401RE/shared-20260323T021029Z-3-001/shared/Drivers/CMSIS/Source/system_stm32f4xx.o
 .debug_macro   0x00000d2e      0x103 ./SDK_1.0.3_NUCLEO-F401RE/shared-20260323T021029Z-3-001/shared/Drivers/CMSIS/Source/system_stm32f4xx.o
 .debug_macro   0x00000e31       0x6a ./SDK_1.0.3_NUCLEO-F401RE/shared-20260323T021029Z-3-001/shared/Drivers/CMSIS/Source/system_stm32f4xx.o
 .debug_macro   0x00000e9b      0x1df ./SDK_1.0.3_NUCLEO-F401RE/shared-20260323T021029Z-3-001/shared/Drivers/CMSIS/Source/system_stm32f4xx.o
 .debug_macro   0x0000107a       0x34 ./SDK_1.0.3_NUCLEO-F401RE/shared-20260323T021029Z-3-001/shared/Drivers/CMSIS/Source/system_stm32f4xx.o
 .debug_macro   0x000010ae       0x26 ./SDK_1.0.3_NUCLEO-F401RE/shared-20260323T021029Z-3-001/shared/Drivers/CMSIS/Source/system_stm32f4xx.o
 .debug_macro   0x000010d4      0xe43 ./SDK_1.0.3_NUCLEO-F401RE/shared-20260323T021029Z-3-001/shared/Drivers/CMSIS/Source/system_stm32f4xx.o
 .debug_macro   0x00001f17     0x466d ./SDK_1.0.3_NUCLEO-F401RE/shared-20260323T021029Z-3-001/shared/Drivers/CMSIS/Source/system_stm32f4xx.o
 .debug_macro   0x00006584      0x186 ./SDK_1.0.3_NUCLEO-F401RE/shared-20260323T021029Z-3-001/shared/Drivers/STM32F401RE_StdPeriph_Driver/src/stm32f401re_rcc.o
 .debug_macro   0x0000670a      0x4f3 ./SDK_1.0.3_NUCLEO-F401RE/shared-20260323T021029Z-3-001/shared/Drivers/STM32F401RE_StdPeriph_Driver/src/stm32f401re_rcc.o
 .debug_macro   0x00006bfd       0xc2 ./SDK_1.0.3_NUCLEO-F401RE/shared-20260323T021029Z-3-001/shared/Utilities/buff.o
 .debug_macro   0x00006cbf       0x16 ./SDK_1.0.3_NUCLEO-F401RE/shared-20260323T021029Z-3-001/shared/Utilities/buff.o
 .debug_macro   0x00006cd5       0x16 ./SDK_1.0.3_NUCLEO-F401RE/shared-20260323T021029Z-3-001/shared/Utilities/buff.o
 .debug_macro   0x00006ceb       0x72 ./SDK_1.0.3_NUCLEO-F401RE/shared-20260323T021029Z-3-001/shared/Utilities/utilities.o
 .debug_macro   0x00006d5d       0x10 ./SDK_1.0.3_NUCLEO-F401RE/shared-20260323T021029Z-3-001/shared/Utilities/utilities.o
 .debug_macro   0x00006d6d       0x9c ./Src/main.o
 .debug_macro   0x00006e09      0x190 ./Src/main.o
 .debug_macro   0x00006f99       0x22 ./Src/main.o
 .debug_macro   0x00006fbb      0x301 ./Src/main.o
 .debug_macro   0x000072bc       0xe3 H:\TTCS\BUOI1NHOM2\Lib\liblibraries.a(timer.o)
 .debug_macro   0x0000739f      0xa66 H:\TTCS\BUOI1NHOM2\Lib\liblibraries.a(timer.o)
 .debug_macro   0x00007e05       0x22 H:\TTCS\BUOI1NHOM2\Lib\liblibraries.a(timer.o)
 .debug_macro   0x00007e27       0x8e H:\TTCS\BUOI1NHOM2\Lib\liblibraries.a(timer.o)
 .debug_macro   0x00007eb5       0xef H:\TTCS\BUOI1NHOM2\Lib\liblibraries.a(timer.o)
 .debug_macro   0x00007fa4       0x1c H:\TTCS\BUOI1NHOM2\Lib\liblibraries.a(timer.o)
 .debug_macro   0x00007fc0       0x6b H:\TTCS\BUOI1NHOM2\Lib\liblibraries.a(timer.o)
 .debug_macro   0x0000802b     0x8018 H:\TTCS\BUOI1NHOM2\Lib\liblibraries.a(timer.o)
 .debug_macro   0x00010043      0x644 H:\TTCS\BUOI1NHOM2\Lib\liblibraries.a(timer.o)
 .debug_macro   0x00010687      0x141 H:\TTCS\BUOI1NHOM2\Lib\liblibraries.a(Ucglib.o)
 .debug_macro   0x000107c8      0x174 H:\TTCS\BUOI1NHOM2\Lib\liblibraries.a(Ucglib.o)
 .debug_macro   0x0001093c      0x2f4 H:\TTCS\BUOI1NHOM2\Lib\liblibraries.a(Ucglib.o)
 .debug_macro   0x00010c30       0x84 H:\TTCS\BUOI1NHOM2\Lib\liblibraries.a(ucg_box.o)
 .debug_macro   0x00010cb4       0x84 H:\TTCS\BUOI1NHOM2\Lib\liblibraries.a(ucg_ccs.o)
 .debug_macro   0x00010d38       0x84 H:\TTCS\BUOI1NHOM2\Lib\liblibraries.a(ucg_dev_default_cb.o)
 .debug_macro   0x00010dbc       0x84 H:\TTCS\BUOI1NHOM2\Lib\liblibraries.a(ucg_dev_ic_st7735.o)
 .debug_macro   0x00010e40       0x88 H:\TTCS\BUOI1NHOM2\Lib\liblibraries.a(ucg_dev_msg_api.o)
 .debug_macro   0x00010ec8       0x84 H:\TTCS\BUOI1NHOM2\Lib\liblibraries.a(ucg_dev_tft_128x128_st7735.o)
 .debug_macro   0x00010f4c      0x15a H:\TTCS\BUOI1NHOM2\Lib\liblibraries.a(ucg_font.o)
 .debug_macro   0x000110a6       0x1c H:\TTCS\BUOI1NHOM2\Lib\liblibraries.a(ucg_font.o)
 .debug_macro   0x000110c2       0x46 H:\TTCS\BUOI1NHOM2\Lib\liblibraries.a(ucg_font.o)
 .debug_macro   0x00011108       0x18 H:\TTCS\BUOI1NHOM2\Lib\liblibraries.a(ucg_font.o)
 .debug_macro   0x00011120       0x3c H:\TTCS\BUOI1NHOM2\Lib\liblibraries.a(ucg_font.o)
 .debug_macro   0x0001115c       0x52 H:\TTCS\BUOI1NHOM2\Lib\liblibraries.a(ucg_font.o)
 .debug_macro   0x000111ae       0x1f H:\TTCS\BUOI1NHOM2\Lib\liblibraries.a(ucg_font.o)
 .debug_macro   0x000111cd       0x43 H:\TTCS\BUOI1NHOM2\Lib\liblibraries.a(ucg_font.o)
 .debug_macro   0x00011210       0x20 H:\TTCS\BUOI1NHOM2\Lib\liblibraries.a(ucg_font.o)
 .debug_macro   0x00011230      0x1a3 H:\TTCS\BUOI1NHOM2\Lib\liblibraries.a(ucg_font.o)
 .debug_macro   0x000113d3      0x330 H:\TTCS\BUOI1NHOM2\Lib\liblibraries.a(ucg_font.o)
 .debug_macro   0x00011703       0x10 H:\TTCS\BUOI1NHOM2\Lib\liblibraries.a(ucg_font.o)
 .debug_macro   0x00011713       0x35 H:\TTCS\BUOI1NHOM2\Lib\liblibraries.a(ucg_font.o)
 .debug_macro   0x00011748       0x20 H:\TTCS\BUOI1NHOM2\Lib\liblibraries.a(ucg_font.o)
 .debug_macro   0x00011768      0x145 H:\TTCS\BUOI1NHOM2\Lib\liblibraries.a(ucg_init.o)
 .debug_macro   0x000118ad       0x84 H:\TTCS\BUOI1NHOM2\Lib\liblibraries.a(ucg_line.o)
 .debug_macro   0x00011931       0x84 H:\TTCS\BUOI1NHOM2\Lib\liblibraries.a(ucg_pixel.o)
 .debug_macro   0x000119b5       0x84 H:\TTCS\BUOI1NHOM2\Lib\liblibraries.a(ucg_pixel_font_data.o)
 .debug_macro   0x00011a39       0xbd H:\TTCS\BUOI1NHOM2\Lib\liblibraries.a(ucg_rotate.o)
 .debug_macro   0x00011af6       0xc3 H:\TTCS\BUOI1NHOM2\Lib\liblibraries.a(stm32f401re_gpio.o)
 .debug_macro   0x00011bb9      0x2ee H:\TTCS\BUOI1NHOM2\Lib\liblibraries.a(stm32f401re_gpio.o)
 .debug_macro   0x00011ea7      0x64a H:\TTCS\BUOI1NHOM2\Lib\liblibraries.a(stm32f401re_gpio.o)
 .debug_macro   0x000124f1       0x84 H:\TTCS\BUOI1NHOM2\Lib\liblibraries.a(ucg_clip.o)
 .debug_macro   0x00012575       0x84 H:\TTCS\BUOI1NHOM2\Lib\liblibraries.a(ucg_com_msg_api.o)

.debug_line     0x00000000     0x8158
 .debug_line    0x00000000      0x689 ./SDK_1.0.3_NUCLEO-F401RE/shared-20260323T021029Z-3-001/shared/Drivers/CMSIS/Source/system_stm32f4xx.o
 .debug_line    0x00000689      0xe3c ./SDK_1.0.3_NUCLEO-F401RE/shared-20260323T021029Z-3-001/shared/Drivers/STM32F401RE_StdPeriph_Driver/src/stm32f401re_rcc.o
 .debug_line    0x000014c5      0x700 ./SDK_1.0.3_NUCLEO-F401RE/shared-20260323T021029Z-3-001/shared/Utilities/buff.o
 .debug_line    0x00001bc5      0x5d7 ./SDK_1.0.3_NUCLEO-F401RE/shared-20260323T021029Z-3-001/shared/Utilities/utilities.o
 .debug_line    0x0000219c      0x58b ./Src/main.o
 .debug_line    0x00002727       0x7b ./Startup/startup_stm32f401retx.o
 .debug_line    0x000027a2      0x684 H:\TTCS\BUOI1NHOM2\Lib\liblibraries.a(timer.o)
 .debug_line    0x00002e26      0x5cd H:\TTCS\BUOI1NHOM2\Lib\liblibraries.a(Ucglib.o)
 .debug_line    0x000033f3      0x4c6 H:\TTCS\BUOI1NHOM2\Lib\liblibraries.a(ucg_box.o)
 .debug_line    0x000038b9      0x420 H:\TTCS\BUOI1NHOM2\Lib\liblibraries.a(ucg_ccs.o)
 .debug_line    0x00003cd9      0x521 H:\TTCS\BUOI1NHOM2\Lib\liblibraries.a(ucg_dev_default_cb.o)
 .debug_line    0x000041fa      0x512 H:\TTCS\BUOI1NHOM2\Lib\liblibraries.a(ucg_dev_ic_st7735.o)
 .debug_line    0x0000470c      0x48a H:\TTCS\BUOI1NHOM2\Lib\liblibraries.a(ucg_dev_msg_api.o)
 .debug_line    0x00004b96      0x403 H:\TTCS\BUOI1NHOM2\Lib\liblibraries.a(ucg_dev_tft_128x128_st7735.o)
 .debug_line    0x00004f99      0x971 H:\TTCS\BUOI1NHOM2\Lib\liblibraries.a(ucg_font.o)
 .debug_line    0x0000590a      0x55c H:\TTCS\BUOI1NHOM2\Lib\liblibraries.a(ucg_init.o)
 .debug_line    0x00005e66      0x498 H:\TTCS\BUOI1NHOM2\Lib\liblibraries.a(ucg_line.o)
 .debug_line    0x000062fe      0x400 H:\TTCS\BUOI1NHOM2\Lib\liblibraries.a(ucg_pixel.o)
 .debug_line    0x000066fe      0x3e1 H:\TTCS\BUOI1NHOM2\Lib\liblibraries.a(ucg_pixel_font_data.o)
 .debug_line    0x00006adf      0x5d4 H:\TTCS\BUOI1NHOM2\Lib\liblibraries.a(ucg_rotate.o)
 .debug_line    0x000070b3      0x65e H:\TTCS\BUOI1NHOM2\Lib\liblibraries.a(stm32f401re_gpio.o)
 .debug_line    0x00007711      0x4c1 H:\TTCS\BUOI1NHOM2\Lib\liblibraries.a(ucg_clip.o)
 .debug_line    0x00007bd2      0x586 H:\TTCS\BUOI1NHOM2\Lib\liblibraries.a(ucg_com_msg_api.o)

.debug_str      0x00000000    0x46142
 .debug_str     0x00000000    0x46142 ./SDK_1.0.3_NUCLEO-F401RE/shared-20260323T021029Z-3-001/shared/Drivers/CMSIS/Source/system_stm32f4xx.o
                              0x218a1 (size before relaxing)
 .debug_str     0x00046142    0x2448f ./SDK_1.0.3_NUCLEO-F401RE/shared-20260323T021029Z-3-001/shared/Drivers/STM32F401RE_StdPeriph_Driver/src/stm32f401re_rcc.o
 .debug_str     0x00046142    0x21798 ./SDK_1.0.3_NUCLEO-F401RE/shared-20260323T021029Z-3-001/shared/Utilities/buff.o
 .debug_str     0x00046142     0x3ee7 ./SDK_1.0.3_NUCLEO-F401RE/shared-20260323T021029Z-3-001/shared/Utilities/utilities.o
 .debug_str     0x00046142     0x5bca ./Src/main.o
 .debug_str     0x00046142       0x58 ./Startup/startup_stm32f401retx.o
 .debug_str     0x00046142    0x39451 H:\TTCS\BUOI1NHOM2\Lib\liblibraries.a(timer.o)
 .debug_str     0x00046142    0x4067c H:\TTCS\BUOI1NHOM2\Lib\liblibraries.a(Ucglib.o)
 .debug_str     0x00046142     0x9c13 H:\TTCS\BUOI1NHOM2\Lib\liblibraries.a(ucg_box.o)
 .debug_str     0x00046142     0x97ef H:\TTCS\BUOI1NHOM2\Lib\liblibraries.a(ucg_ccs.o)
 .debug_str     0x00046142     0x9c41 H:\TTCS\BUOI1NHOM2\Lib\liblibraries.a(ucg_dev_default_cb.o)
 .debug_str     0x00046142     0x9ce5 H:\TTCS\BUOI1NHOM2\Lib\liblibraries.a(ucg_dev_ic_st7735.o)
 .debug_str     0x00046142     0x9c5b H:\TTCS\BUOI1NHOM2\Lib\liblibraries.a(ucg_dev_msg_api.o)
 .debug_str     0x00046142     0x9c0a H:\TTCS\BUOI1NHOM2\Lib\liblibraries.a(ucg_dev_tft_128x128_st7735.o)
 .debug_str     0x00046142     0xd07e H:\TTCS\BUOI1NHOM2\Lib\liblibraries.a(ucg_font.o)
 .debug_str     0x00046142     0xcb75 H:\TTCS\BUOI1NHOM2\Lib\liblibraries.a(ucg_init.o)
 .debug_str     0x00046142     0x9c1a H:\TTCS\BUOI1NHOM2\Lib\liblibraries.a(ucg_line.o)
 .debug_str     0x00046142     0x9bc5 H:\TTCS\BUOI1NHOM2\Lib\liblibraries.a(ucg_pixel.o)
 .debug_str     0x00046142     0x9785 H:\TTCS\BUOI1NHOM2\Lib\liblibraries.a(ucg_pixel_font_data.o)
 .debug_str     0x00046142     0x9fb3 H:\TTCS\BUOI1NHOM2\Lib\liblibraries.a(ucg_rotate.o)
 .debug_str     0x00046142    0x3a690 H:\TTCS\BUOI1NHOM2\Lib\liblibraries.a(stm32f401re_gpio.o)
 .debug_str     0x00046142     0x9c32 H:\TTCS\BUOI1NHOM2\Lib\liblibraries.a(ucg_clip.o)
 .debug_str     0x00046142     0x9ddf H:\TTCS\BUOI1NHOM2\Lib\liblibraries.a(ucg_com_msg_api.o)

.comment        0x00000000       0xbe
 .comment       0x00000000       0xbe ./SDK_1.0.3_NUCLEO-F401RE/shared-20260323T021029Z-3-001/shared/Drivers/CMSIS/Source/system_stm32f4xx.o
                                 0x44 (size before relaxing)
 .comment       0x000000be       0x44 ./SDK_1.0.3_NUCLEO-F401RE/shared-20260323T021029Z-3-001/shared/Drivers/STM32F401RE_StdPeriph_Driver/src/stm32f401re_rcc.o
 .comment       0x000000be       0x44 ./SDK_1.0.3_NUCLEO-F401RE/shared-20260323T021029Z-3-001/shared/Utilities/buff.o
 .comment       0x000000be       0x44 ./SDK_1.0.3_NUCLEO-F401RE/shared-20260323T021029Z-3-001/shared/Utilities/utilities.o
 .comment       0x000000be       0x44 ./Src/main.o
 .comment       0x000000be       0x7c H:\TTCS\BUOI1NHOM2\Lib\liblibraries.a(timer.o)
 .comment       0x000000be       0x7c H:\TTCS\BUOI1NHOM2\Lib\liblibraries.a(Ucglib.o)
 .comment       0x000000be       0x7c H:\TTCS\BUOI1NHOM2\Lib\liblibraries.a(ucg_box.o)
 .comment       0x000000be       0x7c H:\TTCS\BUOI1NHOM2\Lib\liblibraries.a(ucg_ccs.o)
 .comment       0x000000be       0x7c H:\TTCS\BUOI1NHOM2\Lib\liblibraries.a(ucg_dev_default_cb.o)
 .comment       0x000000be       0x7c H:\TTCS\BUOI1NHOM2\Lib\liblibraries.a(ucg_dev_ic_st7735.o)
 .comment       0x000000be       0x7c H:\TTCS\BUOI1NHOM2\Lib\liblibraries.a(ucg_dev_msg_api.o)
 .comment       0x000000be       0x7c H:\TTCS\BUOI1NHOM2\Lib\liblibraries.a(ucg_dev_tft_128x128_st7735.o)
 .comment       0x000000be       0x7c H:\TTCS\BUOI1NHOM2\Lib\liblibraries.a(ucg_font.o)
 .comment       0x000000be       0x7c H:\TTCS\BUOI1NHOM2\Lib\liblibraries.a(ucg_init.o)
 .comment       0x000000be       0x7c H:\TTCS\BUOI1NHOM2\Lib\liblibraries.a(ucg_line.o)
 .comment       0x000000be       0x7c H:\TTCS\BUOI1NHOM2\Lib\liblibraries.a(ucg_pixel.o)
 .comment       0x000000be       0x7c H:\TTCS\BUOI1NHOM2\Lib\liblibraries.a(ucg_pixel_font_data.o)
 .comment       0x000000be       0x7c H:\TTCS\BUOI1NHOM2\Lib\liblibraries.a(ucg_rotate.o)
 .comment       0x000000be       0x7c H:\TTCS\BUOI1NHOM2\Lib\liblibraries.a(stm32f401re_gpio.o)
 .comment       0x000000be       0x7c H:\TTCS\BUOI1NHOM2\Lib\liblibraries.a(ucg_clip.o)
 .comment       0x000000be       0x7c H:\TTCS\BUOI1NHOM2\Lib\liblibraries.a(ucg_com_msg_api.o)

.debug_frame    0x00000000     0x2048
 .debug_frame   0x00000000       0x6c ./SDK_1.0.3_NUCLEO-F401RE/shared-20260323T021029Z-3-001/shared/Drivers/CMSIS/Source/system_stm32f4xx.o
 .debug_frame   0x0000006c      0x6b8 ./SDK_1.0.3_NUCLEO-F401RE/shared-20260323T021029Z-3-001/shared/Drivers/STM32F401RE_StdPeriph_Driver/src/stm32f401re_rcc.o
 .debug_frame   0x00000724      0x10c ./SDK_1.0.3_NUCLEO-F401RE/shared-20260323T021029Z-3-001/shared/Utilities/buff.o
 .debug_frame   0x00000830       0xe8 ./SDK_1.0.3_NUCLEO-F401RE/shared-20260323T021029Z-3-001/shared/Utilities/utilities.o
 .debug_frame   0x00000918       0x30 ./Src/main.o
 .debug_frame   0x00000948      0x1a8 H:\TTCS\BUOI1NHOM2\Lib\liblibraries.a(timer.o)
 .debug_frame   0x00000af0       0xec H:\TTCS\BUOI1NHOM2\Lib\liblibraries.a(Ucglib.o)
 .debug_frame   0x00000bdc       0xf0 H:\TTCS\BUOI1NHOM2\Lib\liblibraries.a(ucg_box.o)
 .debug_frame   0x00000ccc       0x88 H:\TTCS\BUOI1NHOM2\Lib\liblibraries.a(ucg_ccs.o)
 .debug_frame   0x00000d54       0xec H:\TTCS\BUOI1NHOM2\Lib\liblibraries.a(ucg_dev_default_cb.o)
 .debug_frame   0x00000e40       0xd0 H:\TTCS\BUOI1NHOM2\Lib\liblibraries.a(ucg_dev_ic_st7735.o)
 .debug_frame   0x00000f10      0x154 H:\TTCS\BUOI1NHOM2\Lib\liblibraries.a(ucg_dev_msg_api.o)
 .debug_frame   0x00001064       0x34 H:\TTCS\BUOI1NHOM2\Lib\liblibraries.a(ucg_dev_tft_128x128_st7735.o)
 .debug_frame   0x00001098      0x664 H:\TTCS\BUOI1NHOM2\Lib\liblibraries.a(ucg_font.o)
 .debug_frame   0x000016fc       0x5c H:\TTCS\BUOI1NHOM2\Lib\liblibraries.a(ucg_init.o)
 .debug_frame   0x00001758       0xe8 H:\TTCS\BUOI1NHOM2\Lib\liblibraries.a(ucg_line.o)
 .debug_frame   0x00001840       0x5c H:\TTCS\BUOI1NHOM2\Lib\liblibraries.a(ucg_pixel.o)
 .debug_frame   0x0000189c      0x184 H:\TTCS\BUOI1NHOM2\Lib\liblibraries.a(ucg_rotate.o)
 .debug_frame   0x00001a20      0x23c H:\TTCS\BUOI1NHOM2\Lib\liblibraries.a(stm32f401re_gpio.o)
 .debug_frame   0x00001c5c      0x11c H:\TTCS\BUOI1NHOM2\Lib\liblibraries.a(ucg_clip.o)
 .debug_frame   0x00001d78      0x2a4 H:\TTCS\BUOI1NHOM2\Lib\liblibraries.a(ucg_com_msg_api.o)
 .debug_frame   0x0000201c       0x2c C:/ST/STM32CubeIDE_2.1.1/STM32CubeIDE/plugins/com.st.stm32cube.ide.mcu.externaltools.gnu-tools-for-stm32.14.3.rel1.win32_1.0.100.202602081740/tools/bin/../lib/gcc/arm-none-eabi/14.3.1/../../../../arm-none-eabi/lib/thumb/v7e-m+fp/hard\libc_nano.a(libc_a-init.o)

.debug_line_str
                0x00000000       0x3c
 .debug_line_str
                0x00000000       0x3c ./Startup/startup_stm32f401retx.o

.debug_ranges   0x00000000      0x518
 .debug_ranges  0x00000000       0x60 H:\TTCS\BUOI1NHOM2\Lib\liblibraries.a(timer.o)
 .debug_ranges  0x00000060       0x38 H:\TTCS\BUOI1NHOM2\Lib\liblibraries.a(Ucglib.o)
 .debug_ranges  0x00000098       0x38 H:\TTCS\BUOI1NHOM2\Lib\liblibraries.a(ucg_box.o)
 .debug_ranges  0x000000d0       0x20 H:\TTCS\BUOI1NHOM2\Lib\liblibraries.a(ucg_ccs.o)
 .debug_ranges  0x000000f0       0x38 H:\TTCS\BUOI1NHOM2\Lib\liblibraries.a(ucg_dev_default_cb.o)
 .debug_ranges  0x00000128       0x30 H:\TTCS\BUOI1NHOM2\Lib\liblibraries.a(ucg_dev_ic_st7735.o)
 .debug_ranges  0x00000158       0x50 H:\TTCS\BUOI1NHOM2\Lib\liblibraries.a(ucg_dev_msg_api.o)
 .debug_ranges  0x000001a8       0x10 H:\TTCS\BUOI1NHOM2\Lib\liblibraries.a(ucg_dev_tft_128x128_st7735.o)
 .debug_ranges  0x000001b8      0x158 H:\TTCS\BUOI1NHOM2\Lib\liblibraries.a(ucg_font.o)
 .debug_ranges  0x00000310       0x18 H:\TTCS\BUOI1NHOM2\Lib\liblibraries.a(ucg_init.o)
 .debug_ranges  0x00000328       0x38 H:\TTCS\BUOI1NHOM2\Lib\liblibraries.a(ucg_line.o)
 .debug_ranges  0x00000360       0x18 H:\TTCS\BUOI1NHOM2\Lib\liblibraries.a(ucg_pixel.o)
 .debug_ranges  0x00000378       0x58 H:\TTCS\BUOI1NHOM2\Lib\liblibraries.a(ucg_rotate.o)
 .debug_ranges  0x000003d0       0x78 H:\TTCS\BUOI1NHOM2\Lib\liblibraries.a(stm32f401re_gpio.o)
 .debug_ranges  0x00000448       0x40 H:\TTCS\BUOI1NHOM2\Lib\liblibraries.a(ucg_clip.o)
 .debug_ranges  0x00000488       0x90 H:\TTCS\BUOI1NHOM2\Lib\liblibraries.a(ucg_com_msg_api.o)
