Archive member included to satisfy reference by file (symbol)

H:\TTCS\BUOI1NHOM2\Lib\liblibraries.a(timer.o)
                              ./Src/main.o (TimerInit)
H:\TTCS\BUOI1NHOM2\Lib\liblibraries.a(Ucglib.o)
                              ./Src/main.o (Ucglib4WireSWSPI_begin)
H:\TTCS\BUOI1NHOM2\Lib\liblibraries.a(ucg_box.o)
                              ./Src/main.o (ucg_ClearScreen)
H:\TTCS\BUOI1NHOM2\Lib\liblibraries.a(ucg_ccs.o)
                              H:\TTCS\BUOI1NHOM2\Lib\liblibraries.a(ucg_box.o) (ucg_ccs_init)
H:\TTCS\BUOI1NHOM2\Lib\liblibraries.a(ucg_circle.o)
                              H:\TTCS\BUOI1NHOM2\Lib\liblibraries.a(ucg_box.o) (ucg_DrawCircle)
H:\TTCS\BUOI1NHOM2\Lib\liblibraries.a(ucg_dev_default_cb.o)
                              H:\TTCS\BUOI1NHOM2\Lib\liblibraries.a(Ucglib.o) (ucg_dev_default_cb)
H:\TTCS\BUOI1NHOM2\Lib\liblibraries.a(ucg_dev_ic_st7735.o)
                              H:\TTCS\BUOI1NHOM2\Lib\liblibraries.a(Ucglib.o) (ucg_ext_st7735_18)
H:\TTCS\BUOI1NHOM2\Lib\liblibraries.a(ucg_dev_msg_api.o)
                              H:\TTCS\BUOI1NHOM2\Lib\liblibraries.a(ucg_box.o) (ucg_SetMaxClipRange)
H:\TTCS\BUOI1NHOM2\Lib\liblibraries.a(ucg_dev_tft_128x128_st7735.o)
                              H:\TTCS\BUOI1NHOM2\Lib\liblibraries.a(Ucglib.o) (ucg_dev_st7735_18x128x128)
H:\TTCS\BUOI1NHOM2\Lib\liblibraries.a(ucg_font.o)
                              H:\TTCS\BUOI1NHOM2\Lib\liblibraries.a(Ucglib.o) (ucg_SetFontMode)
H:\TTCS\BUOI1NHOM2\Lib\liblibraries.a(ucg_init.o)
                              H:\TTCS\BUOI1NHOM2\Lib\liblibraries.a(Ucglib.o) (ucg_Init)
H:\TTCS\BUOI1NHOM2\Lib\liblibraries.a(ucg_line.o)
                              H:\TTCS\BUOI1NHOM2\Lib\liblibraries.a(ucg_font.o) (ucg_Draw90Line)
H:\TTCS\BUOI1NHOM2\Lib\liblibraries.a(ucg_pixel.o)
                              ./Src/main.o (ucg_SetColor)
H:\TTCS\BUOI1NHOM2\Lib\liblibraries.a(ucg_pixel_font_data.o)
                              ./Src/main.o (ucg_font_ncenR18_tf)
H:\TTCS\BUOI1NHOM2\Lib\liblibraries.a(ucg_rotate.o)
                              ./Src/main.o (ucg_SetRotate180)
H:\TTCS\BUOI1NHOM2\Lib\liblibraries.a(stm32f401re_gpio.o)
                              H:\TTCS\BUOI1NHOM2\Lib\liblibraries.a(Ucglib.o) (GPIO_Init)
H:\TTCS\BUOI1NHOM2\Lib\liblibraries.a(ucg_clip.o)
                              H:\TTCS\BUOI1NHOM2\Lib\liblibraries.a(ucg_dev_ic_st7735.o) (ucg_clip_is_pixel_visible)
H:\TTCS\BUOI1NHOM2\Lib\liblibraries.a(ucg_com_msg_api.o)
                              H:\TTCS\BUOI1NHOM2\Lib\liblibraries.a(ucg_dev_ic_st7735.o) (ucg_com_PowerUp)
c:/st/stm32cubeide_1.7.0/stm32cubeide/plugins/com.st.stm32cube.ide.mcu.externaltools.gnu-tools-for-stm32.9-2020-q2-update.win32_2.0.0.202105311346/tools/bin/../lib/gcc/arm-none-eabi/9.3.1/../../../../arm-none-eabi/lib/thumb/v7e-m+fp/hard\libc_nano.a(lib_a-errno.o)
                              ./Src/syscalls.o (__errno)
c:/st/stm32cubeide_1.7.0/stm32cubeide/plugins/com.st.stm32cube.ide.mcu.externaltools.gnu-tools-for-stm32.9-2020-q2-update.win32_2.0.0.202105311346/tools/bin/../lib/gcc/arm-none-eabi/9.3.1/../../../../arm-none-eabi/lib/thumb/v7e-m+fp/hard\libc_nano.a(lib_a-exit.o)
                              c:/st/stm32cubeide_1.7.0/stm32cubeide/plugins/com.st.stm32cube.ide.mcu.externaltools.gnu-tools-for-stm32.9-2020-q2-update.win32_2.0.0.202105311346/tools/bin/../lib/gcc/arm-none-eabi/9.3.1/../../../../arm-none-eabi/lib/thumb/v7e-m+fp/hard/crt0.o (exit)
c:/st/stm32cubeide_1.7.0/stm32cubeide/plugins/com.st.stm32cube.ide.mcu.externaltools.gnu-tools-for-stm32.9-2020-q2-update.win32_2.0.0.202105311346/tools/bin/../lib/gcc/arm-none-eabi/9.3.1/../../../../arm-none-eabi/lib/thumb/v7e-m+fp/hard\libc_nano.a(lib_a-impure.o)
                              c:/st/stm32cubeide_1.7.0/stm32cubeide/plugins/com.st.stm32cube.ide.mcu.externaltools.gnu-tools-for-stm32.9-2020-q2-update.win32_2.0.0.202105311346/tools/bin/../lib/gcc/arm-none-eabi/9.3.1/../../../../arm-none-eabi/lib/thumb/v7e-m+fp/hard\libc_nano.a(lib_a-exit.o) (_global_impure_ptr)
c:/st/stm32cubeide_1.7.0/stm32cubeide/plugins/com.st.stm32cube.ide.mcu.externaltools.gnu-tools-for-stm32.9-2020-q2-update.win32_2.0.0.202105311346/tools/bin/../lib/gcc/arm-none-eabi/9.3.1/../../../../arm-none-eabi/lib/thumb/v7e-m+fp/hard\libc_nano.a(lib_a-init.o)
                              c:/st/stm32cubeide_1.7.0/stm32cubeide/plugins/com.st.stm32cube.ide.mcu.externaltools.gnu-tools-for-stm32.9-2020-q2-update.win32_2.0.0.202105311346/tools/bin/../lib/gcc/arm-none-eabi/9.3.1/../../../../arm-none-eabi/lib/thumb/v7e-m+fp/hard/crt0.o (__libc_init_array)
c:/st/stm32cubeide_1.7.0/stm32cubeide/plugins/com.st.stm32cube.ide.mcu.externaltools.gnu-tools-for-stm32.9-2020-q2-update.win32_2.0.0.202105311346/tools/bin/../lib/gcc/arm-none-eabi/9.3.1/../../../../arm-none-eabi/lib/thumb/v7e-m+fp/hard\libc_nano.a(lib_a-memset.o)
[...]
Memory Configuration

Name             Origin             Length             Attributes
RAM              0x0000000020000000 0x0000000000018000 xrw
FLASH            0x0000000008000000 0x0000000000080000 xr
*default*        0x0000000000000000 0xffffffffffffffff

Linker script and memory map

LOAD c:/st/stm32cubeide_1.7.0/stm32cubeide/plugins/com.st.stm32cube.ide.mcu.externaltools.gnu-tools-for-stm32.9-2020-q2-update.win32_2.0.0.202105311346/tools/bin/../lib/gcc/arm-none-eabi/9.3.1/thumb/v7e-m+fp/hard/crti.o
LOAD c:/st/stm32cubeide_1.7.0/stm32cubeide/plugins/com.st.stm32cube.ide.mcu.externaltools.gnu-tools-for-stm32.9-2020-q2-update.win32_2.0.0.202105311346/tools/bin/../lib/gcc/arm-none-eabi/9.3.1/thumb/v7e-m+fp/hard/crtbegin.o
LOAD c:/st/stm32cubeide_1.7.0/stm32cubeide/plugins/com.st.stm32cube.ide.mcu.externaltools.gnu-tools-for-stm32.9-2020-q2-update.win32_2.0.0.202105311346/tools/bin/../lib/gcc/arm-none-eabi/9.3.1/../../../../arm-none-eabi/lib/thumb/v7e-m+fp/hard/crt0.o
LOAD ./SDK_1.0.3_NUCLEO-F401RE/shared-20260323T021029Z-3-001/shared/Drivers/CMSIS/Source/system_stm32f4xx.o
LOAD ./SDK_1.0.3_NUCLEO-F401RE/shared-20260323T021029Z-3-001/shared/Drivers/STM32F401RE_StdPeriph_Driver/src/stm32f401re_rcc.o
LOAD ./SDK_1.0.3_NUCLEO-F401RE/shared-20260323T021029Z-3-001/shared/Utilities/buff.o
LOAD ./SDK_1.0.3_NUCLEO-F401RE/shared-20260323T021029Z-3-001/shared/Utilities/utilities.o
LOAD ./Src/main.o
LOAD ./Src/syscalls.o
LOAD ./Src/sysmem.o
LOAD ./Startup/startup_stm32f401retx.o
LOAD H:\TTCS\BUOI1NHOM2\Lib\liblibraries.a
START GROUP
LOAD c:/st/stm32cubeide_1.7.0/stm32cubeide/plugins/com.st.stm32cube.ide.mcu.externaltools.gnu-tools-for-stm32.9-2020-q2-update.win32_2.0.0.202105311346/tools/bin/../lib/gcc/arm-none-eabi/9.3.1/../../../../arm-none-eabi/lib/thumb/v7e-m+fp/hard\libc_nano.a
LOAD c:/st/stm32cubeide_1.7.0/stm32cubeide/plugins/com.st.stm32cube.ide.mcu.externaltools.gnu-tools-for-stm32.9-2020-q2-update.win32_2.0.0.202105311346/tools/bin/../lib/gcc/arm-none-eabi/9.3.1/../../../../arm-none-eabi/lib/thumb/v7e-m+fp/hard\libm.a
END GROUP
START GROUP
LOAD c:/st/stm32cubeide_1.7.0/stm32cubeide/plugins/com.st.stm32cube.ide.mcu.externaltools.gnu-tools-for-stm32.9-2020-q2-update.win32_2.0.0.202105311346/tools/bin/../lib/gcc/arm-none-eabi/9.3.1/thumb/v7e-m+fp/hard\libgcc.a
LOAD c:/st/stm32cubeide_1.7.0/stm32cubeide/plugins/com.st.stm32cube.ide.mcu.externaltools.gnu-tools-for-stm32.9-2020-q2-update.win32_2.0.0.202105311346/tools/bin/../lib/gcc/arm-none-eabi/9.3.1/../../../../arm-none-eabi/lib/thumb/v7e-m+fp/hard\libc_nano.a
END GROUP
START GROUP
LOAD c:/st/stm32cubeide_1.7.0/stm32cubeide/plugins/com.st.stm32cube.ide.mcu.externaltools.gnu-tools-for-stm32.9-2020-q2-update.win32_2.0.0.202105311346/tools/bin/../lib/gcc/arm-none-eabi/9.3.1/thumb/v7e-m+fp/hard\libgcc.a
LOAD c:/st/stm32cubeide_1.7.0/stm32cubeide/plugins/com.st.stm32cube.ide.mcu.externaltools.gnu-tools-for-stm32.9-2020-q2-update.win32_2.0.0.202105311346/tools/bin/../lib/gcc/arm-none-eabi/9.3.1/../../../../arm-none-eabi/lib/thumb/v7e-m+fp/hard\libc_nano.a
LOAD c:/st/stm32cubeide_1.7.0/stm32cubeide/plugins/com.st.stm32cube.ide.mcu.externaltools.gnu-tools-for-stm32.9-2020-q2-update.win32_2.0.0.202105311346/tools/bin/../lib/gcc/arm-none-eabi/9.3.1/../../../../arm-none-eabi/lib/thumb/v7e-m+fp/hard\libnosys.a
END GROUP
START GROUP
LOAD c:/st/stm32cubeide_1.7.0/stm32cubeide/plugins/com.st.stm32cube.ide.mcu.externaltools.gnu-tools-for-stm32.9-2020-q2-update.win32_2.0.0.202105311346/tools/bin/../lib/gcc/arm-none-eabi/9.3.1/thumb/v7e-m+fp/hard\libgcc.a
LOAD c:/st/stm32cubeide_1.7.0/stm32cubeide/plugins/com.st.stm32cube.ide.mcu.externaltools.gnu-tools-for-stm32.9-2020-q2-update.win32_2.0.0.202105311346/tools/bin/../lib/gcc/arm-none-eabi/9.3.1/../../../../arm-none-eabi/lib/thumb/v7e-m+fp/hard\libc_nano.a
LOAD c:/st/stm32cubeide_1.7.0/stm32cubeide/plugins/com.st.stm32cube.ide.mcu.externaltools.gnu-tools-for-stm32.9-2020-q2-update.win32_2.0.0.202105311346/tools/bin/../lib/gcc/arm-none-eabi/9.3.1/../../../../arm-none-eabi/lib/thumb/v7e-m+fp/hard\libnosys.a
END GROUP
LOAD c:/st/stm32cubeide_1.7.0/stm32cubeide/plugins/com.st.stm32cube.ide.mcu.externaltools.gnu-tools-for-stm32.9-2020-q2-update.win32_2.0.0.202105311346/tools/bin/../lib/gcc/arm-none-eabi/9.3.1/thumb/v7e-m+fp/hard/crtend.o
LOAD c:/st/stm32cubeide_1.7.0/stm32cubeide/plugins/com.st.stm32cube.ide.mcu.externaltools.gnu-tools-for-stm32.9-2020-q2-update.win32_2.0.0.202105311346/tools/bin/../lib/gcc/arm-none-eabi/9.3.1/thumb/v7e-m+fp/hard/crtn.o
                0x0000000020018000                _estack = (ORIGIN (RAM) + LENGTH (RAM))
                0x0000000000000200                _Min_Heap_Size = 0x200
                0x0000000000000400                _Min_Stack_Size = 0x400

.isr_vector     0x0000000008000000      0x194
                0x0000000008000000                . = ALIGN (0x4)
 *(.isr_vector)
 .isr_vector    0x0000000008000000      0x194 ./Startup/startup_stm32f401retx.o
                0x0000000008000000                g_pfnVectors
                0x0000000008000194                . = ALIGN (0x4)

.text           0x0000000008000194     0x3058
                0x0000000008000194                . = ALIGN (0x4)
 *(.text)
 .text          0x0000000008000194       0x40 c:/st/stm32cubeide_1.7.0/stm32cubeide/plugins/com.st.stm32cube.ide.mcu.externaltools.gnu-tools-for-stm32.9-2020-q2-update.win32_2.0.0.202105311346/tools/bin/../lib/gcc/arm-none-eabi/9.3.1/thumb/v7e-m+fp/hard/crtbegin.o
 *(.text*)
 .text.SystemInit
                0x00000000080001d4       0x6c ./SDK_1.0.3_NUCLEO-F401RE/shared-20260323T021029Z-3-001/shared/Drivers/CMSIS/Source/system_stm32f4xx.o
                0x00000000080001d4                SystemInit
 .text.SystemCoreClockUpdate
                0x0000000008000240      0x104 ./SDK_1.0.3_NUCLEO-F401RE/shared-20260323T021029Z-3-001/shared/Drivers/CMSIS/Source/system_stm32f4xx.o
                0x0000000008000240                SystemCoreClockUpdate
 .text.SetSysClock
                0x0000000008000344       0xa4 ./SDK_1.0.3_NUCLEO-F401RE/shared-20260323T021029Z-3-001/shared/Drivers/CMSIS/Source/system_stm32f4xx.o
 .text.RCC_GetClocksFreq
                0x00000000080003e8      0x15c ./SDK_1.0.3_NUCLEO-F401RE/shared-20260323T021029Z-3-001/shared/Drivers/STM32F401RE_StdPeriph_Driver/src/stm32f401re_rcc.o
                0x00000000080003e8                RCC_GetClocksFreq
 .text.RCC_AHB1PeriphClockCmd
                0x0000000008000544       0x40 ./SDK_1.0.3_NUCLEO-F401RE/shared-20260323T021029Z-3-001/shared/Drivers/STM32F401RE_StdPeriph_Driver/src/stm32f401re_rcc.o
                0x0000000008000544                RCC_AHB1PeriphClockCmd
 .text.bufInit  0x0000000008000584       0x36 ./SDK_1.0.3_NUCLEO-F401RE/shared-20260323T021029Z-3-001/shared/Utilities/buff.o
                0x0000000008000584                bufInit
 .text.bufNumItems
                0x00000000080005ba       0x18 ./SDK_1.0.3_NUCLEO-F401RE/shared-20260323T021029Z-3-001/shared/Utilities/buff.o
                0x00000000080005ba                bufNumItems
 .text.bufIsFull
                0x00000000080005d2       0x26 ./SDK_1.0.3_NUCLEO-F401RE/shared-20260323T021029Z-3-001/shared/Utilities/buff.o
                0x00000000080005d2                bufIsFull
 .text.bufIsEmpty
                0x00000000080005f8       0x26 ./SDK_1.0.3_NUCLEO-F401RE/shared-20260323T021029Z-3-001/shared/Utilities/buff.o
                0x00000000080005f8                bufIsEmpty
 .text.bufFlush
                0x000000000800061e       0x32 ./SDK_1.0.3_NUCLEO-F401RE/shared-20260323T021029Z-3-001/shared/Utilities/buff.o
                0x000000000800061e                bufFlush
 .text.bufEnDat
                0x0000000008000650       0xa0 ./SDK_1.0.3_NUCLEO-F401RE/shared-20260323T021029Z-3-001/shared/Utilities/buff.o
                0x0000000008000650                bufEnDat
 .text.bufDeDat
                0x00000000080006f0       0x8a ./SDK_1.0.3_NUCLEO-F401RE/shared-20260323T021029Z-3-001/shared/Utilities/buff.o
                0x00000000080006f0                bufDeDat
 .text.memsetl  0x000000000800077a       0x34 ./SDK_1.0.3_NUCLEO-F401RE/shared-20260323T021029Z-3-001/shared/Utilities/utilities.o
                0x000000000800077a                memsetl
 *fill*         0x00000000080007ae        0x2 
 .text.main     0x00000000080007b0       0x80 ./Src/main.o
                0x00000000080007b0                main
 .text.Reset_Handler
                0x0000000008000830       0x50 ./Startup/startup_stm32f401retx.o
                0x0000000008000830                Reset_Handler
 .text.Default_Handler
                0x0000000008000880        0x2 ./Startup/startup_stm32f401retx.o
                0x0000000008000880                EXTI2_IRQHandler
                0x0000000008000880                DebugMon_Handler
                0x0000000008000880                SPI4_IRQHandler
                0x0000000008000880                TIM1_CC_IRQHandler
                0x0000000008000880                HardFault_Handler
                0x0000000008000880                SDIO_IRQHandler
                0x0000000008000880                TAMP_STAMP_IRQHandler
                0x0000000008000880                PendSV_Handler
                0x0000000008000880                NMI_Handler
                0x0000000008000880                EXTI3_IRQHandler
                0x0000000008000880                TIM1_UP_TIM10_IRQHandler
                0x0000000008000880                I2C3_ER_IRQHandler
                0x0000000008000880                EXTI18_OTG_FS_WKUP_IRQHandler
                0x0000000008000880                EXTI0_IRQHandler
                0x0000000008000880                I2C2_EV_IRQHandler
                0x0000000008000880                FPU_IRQHandler
                0x0000000008000880                UsageFault_Handler
                0x0000000008000880                SPI1_IRQHandler
                0x0000000008000880                TIM1_BRK_TIM9_IRQHandler
                0x0000000008000880                USART6_IRQHandler
                0x0000000008000880                TIM4_IRQHandler
                0x0000000008000880                I2C1_EV_IRQHandler
                0x0000000008000880                TIM3_IRQHandler
                0x0000000008000880                RCC_IRQHandler
                0x0000000008000880                Default_Handler
                0x0000000008000880                EXTI15_10_IRQHandler
                0x0000000008000880                ADC_IRQHandler
                0x0000000008000880                TIM5_IRQHandler
                0x0000000008000880                I2C3_EV_IRQHandler
                0x0000000008000880                EXTI9_5_IRQHandler
                0x0000000008000880                SPI2_IRQHandler
                0x0000000008000880                MemManage_Handler
                0x0000000008000880                SVC_Handler
                0x0000000008000880                EXTI4_IRQHandler
                0x0000000008000880                EXTI22_RTC_WKUP_IRQHandler
                0x0000000008000880                TIM2_IRQHandler
                0x0000000008000880                EXTI16_PVD_IRQHandler
                0x0000000008000880                TIM1_TRG_COM_TIM11_IRQHandler
                0x0000000008000880                EXTI1_IRQHandler
                0x0000000008000880                EXTI17_RTC_Alarm_IRQHandler
                0x0000000008000880                USART2_IRQHandler
                0x0000000008000880                I2C2_ER_IRQHandler
                0x0000000008000880                FLASH_IRQHandler
                0x0000000008000880                BusFault_Handler
                0x0000000008000880                USART1_IRQHandler
                0x0000000008000880                OTG_FS_IRQHandler
                0x0000000008000880                SPI3_IRQHandler
                0x0000000008000880                I2C1_ER_IRQHandler
 *fill*         0x0000000008000882        0x2 
 .text.NVIC_SetPriority
                0x0000000008000884       0x54 H:\TTCS\BUOI1NHOM2\Lib\liblibraries.a(timer.o)
 .text.SysTick_Config
                0x00000000080008d8       0x44 H:\TTCS\BUOI1NHOM2\Lib\liblibraries.a(timer.o)
 .text.TimerInit
                0x000000000800091c       0x44 H:\TTCS\BUOI1NHOM2\Lib\liblibraries.a(timer.o)
                0x000000000800091c                TimerInit
 .text.TimerStart
                0x0000000008000960       0xc4 H:\TTCS\BUOI1NHOM2\Lib\liblibraries.a(timer.o)
                0x0000000008000960                TimerStart
 .text.TimerStop
                0x0000000008000a24       0xa0 H:\TTCS\BUOI1NHOM2\Lib\liblibraries.a(timer.o)
                0x0000000008000a24                TimerStop
 .text.GetMilSecTick
                0x0000000008000ac4       0x18 H:\TTCS\BUOI1NHOM2\Lib\liblibraries.a(timer.o)
                0x0000000008000ac4                GetMilSecTick
 .text.processTimerScheduler
                0x0000000008000adc       0xf0 H:\TTCS\BUOI1NHOM2\Lib\liblibraries.a(timer.o)
                0x0000000008000adc                processTimerScheduler
 .text.TimeExpired
                0x0000000008000bcc       0xcc H:\TTCS\BUOI1NHOM2\Lib\liblibraries.a(timer.o)
 .text.SysTick_Handler
                0x0000000008000c98       0x1c H:\TTCS\BUOI1NHOM2\Lib\liblibraries.a(timer.o)
                0x0000000008000c98                SysTick_Handler
 .text.delayMicroseconds
                0x0000000008000cb4       0x14 H:\TTCS\BUOI1NHOM2\Lib\liblibraries.a(Ucglib.o)
 .text.ucg_gpio_init
                0x0000000008000cc8       0x60 H:\TTCS\BUOI1NHOM2\Lib\liblibraries.a(Ucglib.o)
 .text.ucg_com_arduino_send_generic_SW_SPI
                0x0000000008000d28       0x74 H:\TTCS\BUOI1NHOM2\Lib\liblibraries.a(Ucglib.o)
 .text.ucg_com_arduino_generic_SW_SPI
                0x0000000008000d9c      0x1ec H:\TTCS\BUOI1NHOM2\Lib\liblibraries.a(Ucglib.o)
 .text.Ucglib4WireSWSPI_begin
                0x0000000008000f88       0x38 H:\TTCS\BUOI1NHOM2\Lib\liblibraries.a(Ucglib.o)
                0x0000000008000f88                Ucglib4WireSWSPI_begin
 .text.ucg_DrawBox
                0x0000000008000fc0       0x56 H:\TTCS\BUOI1NHOM2\Lib\liblibraries.a(ucg_box.o)
                0x0000000008000fc0                ucg_DrawBox
 .text.ucg_ClearScreen
                0x0000000008001016       0x50 H:\TTCS\BUOI1NHOM2\Lib\liblibraries.a(ucg_box.o)
                0x0000000008001016                ucg_ClearScreen
 .text.ucg_ccs_init
                0x0000000008001066       0xc0 H:\TTCS\BUOI1NHOM2\Lib\liblibraries.a(ucg_ccs.o)
                0x0000000008001066                ucg_ccs_init
 .text.ucg_ccs_step
                0x0000000008001126       0x80 H:\TTCS\BUOI1NHOM2\Lib\liblibraries.a(ucg_ccs.o)
                0x0000000008001126                ucg_ccs_step
 .text.ucg_ccs_seek
                0x00000000080011a6       0xca H:\TTCS\BUOI1NHOM2\Lib\liblibraries.a(ucg_ccs.o)
                0x00000000080011a6                ucg_ccs_seek
 .text.ucg_dev_default_cb
                0x0000000008001270       0x44 H:\TTCS\BUOI1NHOM2\Lib\liblibraries.a(ucg_dev_default_cb.o)
                0x0000000008001270                ucg_dev_default_cb
 .text.ucg_ext_none
                0x00000000080012b4       0x1c H:\TTCS\BUOI1NHOM2\Lib\liblibraries.a(ucg_dev_default_cb.o)
                0x00000000080012b4                ucg_ext_none
 .text.ucg_handle_st7735_l90fx
                0x00000000080012d0       0xd8 H:\TTCS\BUOI1NHOM2\Lib\liblibraries.a(ucg_dev_ic_st7735.o)
                0x00000000080012d0                ucg_handle_st7735_l90fx
 .text.ucg_handle_st7735_l90se
                0x00000000080013a8      0x154 H:\TTCS\BUOI1NHOM2\Lib\liblibraries.a(ucg_dev_ic_st7735.o)
                0x00000000080013a8                ucg_handle_st7735_l90se
 .text.ucg_dev_ic_st7735_18
                0x00000000080014fc       0xf8 H:\TTCS\BUOI1NHOM2\Lib\liblibraries.a(ucg_dev_ic_st7735.o)
                0x00000000080014fc                ucg_dev_ic_st7735_18
 .text.ucg_ext_st7735_18
                0x00000000080015f4       0x28 H:\TTCS\BUOI1NHOM2\Lib\liblibraries.a(ucg_dev_ic_st7735.o)
                0x00000000080015f4                ucg_ext_st7735_18
 .text.ucg_PowerDown
                0x000000000800161c       0x34 H:\TTCS\BUOI1NHOM2\Lib\liblibraries.a(ucg_dev_msg_api.o)
                0x000000000800161c                ucg_PowerDown
 .text.ucg_PowerUp
                0x0000000008001650       0x3c H:\TTCS\BUOI1NHOM2\Lib\liblibraries.a(ucg_dev_msg_api.o)
                0x0000000008001650                ucg_PowerUp
 .text.ucg_SetClipBox
                0x000000000800168c       0x1e H:\TTCS\BUOI1NHOM2\Lib\liblibraries.a(ucg_dev_msg_api.o)
                0x000000000800168c                ucg_SetClipBox
 .text.ucg_SetMaxClipRange
                0x00000000080016aa       0x30 H:\TTCS\BUOI1NHOM2\Lib\liblibraries.a(ucg_dev_msg_api.o)
                0x00000000080016aa                ucg_SetMaxClipRange
 .text.ucg_GetDimension
                0x00000000080016da       0x24 H:\TTCS\BUOI1NHOM2\Lib\liblibraries.a(ucg_dev_msg_api.o)
                0x00000000080016da                ucg_GetDimension
 .text.ucg_DrawL90FXWithArg
                0x00000000080016fe       0x1e H:\TTCS\BUOI1NHOM2\Lib\liblibraries.a(ucg_dev_msg_api.o)
                0x00000000080016fe                ucg_DrawL90FXWithArg
 .text.ucg_dev_st7735_18x128x128
                0x000000000800171c       0x80 H:\TTCS\BUOI1NHOM2\Lib\liblibraries.a(ucg_dev_tft_128x128_st7735.o)
                0x000000000800171c                ucg_dev_st7735_18x128x128
 .text.ucg_font_get_byte
                0x000000000800179c       0x24 H:\TTCS\BUOI1NHOM2\Lib\liblibraries.a(ucg_font.o)
 .text.ucg_font_get_word
                0x00000000080017c0       0x40 H:\TTCS\BUOI1NHOM2\Lib\liblibraries.a(ucg_font.o)
 .text.ucg_read_font_info
                0x0000000008001800      0x142 H:\TTCS\BUOI1NHOM2\Lib\liblibraries.a(ucg_font.o)
                0x0000000008001800                ucg_read_font_info
 .text.ucg_font_decode_get_unsigned_bits
                0x0000000008001942       0x96 H:\TTCS\BUOI1NHOM2\Lib\liblibraries.a(ucg_font.o)
                0x0000000008001942                ucg_font_decode_get_unsigned_bits
 .text.ucg_font_decode_get_signed_bits
                0x00000000080019d8       0x46 H:\TTCS\BUOI1NHOM2\Lib\liblibraries.a(ucg_font.o)
                0x00000000080019d8                ucg_font_decode_get_signed_bits
 .text.ucg_add_vector_y
                0x0000000008001a1e       0x7a H:\TTCS\BUOI1NHOM2\Lib\liblibraries.a(ucg_font.o)
 .text.ucg_add_vector_x
                0x0000000008001a98       0x7a H:\TTCS\BUOI1NHOM2\Lib\liblibraries.a(ucg_font.o)
 .text.ucg_font_decode_len
                0x0000000008001b12      0x118 H:\TTCS\BUOI1NHOM2\Lib\liblibraries.a(ucg_font.o)
                0x0000000008001b12                ucg_font_decode_len
 .text.ucg_font_setup_decode
                0x0000000008001c2a       0x64 H:\TTCS\BUOI1NHOM2\Lib\liblibraries.a(ucg_font.o)
 .text.ucg_font_decode_glyph
                0x0000000008001c8e      0x14c H:\TTCS\BUOI1NHOM2\Lib\liblibraries.a(ucg_font.o)
                0x0000000008001c8e                ucg_font_decode_glyph
 .text.ucg_font_get_glyph_data
                0x0000000008001dda       0x7a H:\TTCS\BUOI1NHOM2\Lib\liblibraries.a(ucg_font.o)
                0x0000000008001dda                ucg_font_get_glyph_data
 .text.ucg_font_draw_glyph
                0x0000000008001e54       0x62 H:\TTCS\BUOI1NHOM2\Lib\liblibraries.a(ucg_font.o)
                0x0000000008001e54                ucg_font_draw_glyph
 .text.ucg_SetFontMode
                0x0000000008001eb6       0x20 H:\TTCS\BUOI1NHOM2\Lib\liblibraries.a(ucg_font.o)
                0x0000000008001eb6                ucg_SetFontMode
 *fill*         0x0000000008001ed6        0x2 
 .text.ucg_DrawGlyph
                0x0000000008001ed8       0xb0 H:\TTCS\BUOI1NHOM2\Lib\liblibraries.a(ucg_font.o)
                0x0000000008001ed8                ucg_DrawGlyph
 .text.task_drawString
                0x0000000008001f88      0x138 H:\TTCS\BUOI1NHOM2\Lib\liblibraries.a(ucg_font.o)
                0x0000000008001f88                task_drawString
 .text.ucg_DrawString
                0x00000000080020c0       0x78 H:\TTCS\BUOI1NHOM2\Lib\liblibraries.a(ucg_font.o)
                0x00000000080020c0                ucg_DrawString
 .text.ucg_UpdateRefHeight
                0x0000000008002138       0xd8 H:\TTCS\BUOI1NHOM2\Lib\liblibraries.a(ucg_font.o)
                0x0000000008002138                ucg_UpdateRefHeight
 .text.ucg_font_calc_vref_font
                0x0000000008002210       0x16 H:\TTCS\BUOI1NHOM2\Lib\liblibraries.a(ucg_font.o)
                0x0000000008002210                ucg_font_calc_vref_font
 *fill*         0x0000000008002226        0x2 
 .text.ucg_SetFontPosBaseline
                0x0000000008002228       0x20 H:\TTCS\BUOI1NHOM2\Lib\liblibraries.a(ucg_font.o)
                0x0000000008002228                ucg_SetFontPosBaseline
 .text.ucg_SetFont
                0x0000000008002248       0x4c H:\TTCS\BUOI1NHOM2\Lib\liblibraries.a(ucg_font.o)
                0x0000000008002248                ucg_SetFont
 .text.ucg_init_struct
                0x0000000008002294       0x50 H:\TTCS\BUOI1NHOM2\Lib\liblibraries.a(ucg_init.o)
                0x0000000008002294                ucg_init_struct
 .text.ucg_Init
                0x00000000080022e4       0x5c H:\TTCS\BUOI1NHOM2\Lib\liblibraries.a(ucg_init.o)
                0x00000000080022e4                ucg_Init
 .text.ucg_Draw90Line
                0x0000000008002340       0x88 H:\TTCS\BUOI1NHOM2\Lib\liblibraries.a(ucg_line.o)
                0x0000000008002340                ucg_Draw90Line
 .text.ucg_DrawHLine
                0x00000000080023c8       0x3e H:\TTCS\BUOI1NHOM2\Lib\liblibraries.a(ucg_line.o)
                0x00000000080023c8                ucg_DrawHLine
 .text.ucg_SetColor
                0x0000000008002406       0x5c H:\TTCS\BUOI1NHOM2\Lib\liblibraries.a(ucg_pixel.o)
                0x0000000008002406                ucg_SetColor
 .text.ucg_UndoRotate
                0x0000000008002462       0x32 H:\TTCS\BUOI1NHOM2\Lib\liblibraries.a(ucg_rotate.o)
                0x0000000008002462                ucg_UndoRotate
 .text.ucg_rotate_180_xy
                0x0000000008002494       0x66 H:\TTCS\BUOI1NHOM2\Lib\liblibraries.a(ucg_rotate.o)
 *fill*         0x00000000080024fa        0x2 
 .text.ucg_dev_rotate180
                0x00000000080024fc      0x100 H:\TTCS\BUOI1NHOM2\Lib\liblibraries.a(ucg_rotate.o)
                0x00000000080024fc                ucg_dev_rotate180
 .text.ucg_SetRotate180
                0x00000000080025fc       0x34 H:\TTCS\BUOI1NHOM2\Lib\liblibraries.a(ucg_rotate.o)
                0x00000000080025fc                ucg_SetRotate180
 .text.GPIO_Init
                0x0000000008002630      0x11c H:\TTCS\BUOI1NHOM2\Lib\liblibraries.a(stm32f401re_gpio.o)
                0x0000000008002630                GPIO_Init
 .text.GPIO_WriteBit
                0x000000000800274c       0x30 H:\TTCS\BUOI1NHOM2\Lib\liblibraries.a(stm32f401re_gpio.o)
                0x000000000800274c                GPIO_WriteBit
 .text.ucg_clip_is_x_visible
                0x000000000800277c       0x4a H:\TTCS\BUOI1NHOM2\Lib\liblibraries.a(ucg_clip.o)
 .text.ucg_clip_is_y_visible
                0x00000000080027c6       0x4a H:\TTCS\BUOI1NHOM2\Lib\liblibraries.a(ucg_clip.o)
 .text.ucg_clip_intersection
                0x0000000008002810       0x74 H:\TTCS\BUOI1NHOM2\Lib\liblibraries.a(ucg_clip.o)
 .text.ucg_clip_is_pixel_visible
                0x0000000008002884       0x32 H:\TTCS\BUOI1NHOM2\Lib\liblibraries.a(ucg_clip.o)
                0x0000000008002884                ucg_clip_is_pixel_visible
 *fill*         0x00000000080028b6        0x2 
 .text.ucg_clip_l90fx
                0x00000000080028b8      0x300 H:\TTCS\BUOI1NHOM2\Lib\liblibraries.a(ucg_clip.o)
                0x00000000080028b8                ucg_clip_l90fx
 .text.ucg_clip_l90se
                0x0000000008002bb8       0x54 H:\TTCS\BUOI1NHOM2\Lib\liblibraries.a(ucg_clip.o)
                0x0000000008002bb8                ucg_clip_l90se
 .text.ucg_com_PowerDown
                0x0000000008002c0c       0x3e H:\TTCS\BUOI1NHOM2\Lib\liblibraries.a(ucg_com_msg_api.o)
                0x0000000008002c0c                ucg_com_PowerDown
 .text.ucg_com_PowerUp
                0x0000000008002c4a       0x60 H:\TTCS\BUOI1NHOM2\Lib\liblibraries.a(ucg_com_msg_api.o)
                0x0000000008002c4a                ucg_com_PowerUp
 .text.ucg_com_SetLineStatus
                0x0000000008002caa       0xe2 H:\TTCS\BUOI1NHOM2\Lib\liblibraries.a(ucg_com_msg_api.o)
                0x0000000008002caa                ucg_com_SetLineStatus
 .text.ucg_com_SetResetLineStatus
                0x0000000008002d8c       0x20 H:\TTCS\BUOI1NHOM2\Lib\liblibraries.a(ucg_com_msg_api.o)
                0x0000000008002d8c                ucg_com_SetResetLineStatus
 .text.ucg_com_SetCSLineStatus
                0x0000000008002dac       0x20 H:\TTCS\BUOI1NHOM2\Lib\liblibraries.a(ucg_com_msg_api.o)
                0x0000000008002dac                ucg_com_SetCSLineStatus
 .text.ucg_com_SetCDLineStatus
                0x0000000008002dcc       0x20 H:\TTCS\BUOI1NHOM2\Lib\liblibraries.a(ucg_com_msg_api.o)
                0x0000000008002dcc                ucg_com_SetCDLineStatus
 .text.ucg_com_DelayMicroseconds
                0x0000000008002dec       0x22 H:\TTCS\BUOI1NHOM2\Lib\liblibraries.a(ucg_com_msg_api.o)
                0x0000000008002dec                ucg_com_DelayMicroseconds
 .text.ucg_com_DelayMilliseconds
                0x0000000008002e0e       0x2c H:\TTCS\BUOI1NHOM2\Lib\liblibraries.a(ucg_com_msg_api.o)
                0x0000000008002e0e                ucg_com_DelayMilliseconds
 .text.ucg_com_SendByte
                0x0000000008002e3a       0x24 H:\TTCS\BUOI1NHOM2\Lib\liblibraries.a(ucg_com_msg_api.o)
                0x0000000008002e3a                ucg_com_SendByte
 .text.ucg_com_SendStringP
                0x0000000008002e5e       0x40 H:\TTCS\BUOI1NHOM2\Lib\liblibraries.a(ucg_com_msg_api.o)
                0x0000000008002e5e                ucg_com_SendStringP
 .text.ucg_com_SendCmdArg
                0x0000000008002e9e       0x74 H:\TTCS\BUOI1NHOM2\Lib\liblibraries.a(ucg_com_msg_api.o)
 *fill*         0x0000000008002f12        0x2 
 .text.ucg_com_SendCmdSeq
                0x0000000008002f14      0x278 H:\TTCS\BUOI1NHOM2\Lib\liblibraries.a(ucg_com_msg_api.o)
                0x0000000008002f14                ucg_com_SendCmdSeq
 .text.__libc_init_array
                0x000000000800318c       0x48 c:/st/stm32cubeide_1.7.0/stm32cubeide/plugins/com.st.stm32cube.ide.mcu.externaltools.gnu-tools-for-stm32.9-2020-q2-update.win32_2.0.0.202105311346/tools/bin/../lib/gcc/arm-none-eabi/9.3.1/../../../../arm-none-eabi/lib/thumb/v7e-m+fp/hard\libc_nano.a(lib_a-init.o)
                0x000000000800318c                __libc_init_array
 *(.glue_7)
 .glue_7        0x00000000080031d4        0x0 linker stubs
 *(.glue_7t)
 .glue_7t       0x00000000080031d4        0x0 linker stubs
 *(.eh_frame)
 .eh_frame      0x00000000080031d4        0x0 c:/st/stm32cubeide_1.7.0/stm32cubeide/plugins/com.st.stm32cube.ide.mcu.externaltools.gnu-tools-for-stm32.9-2020-q2-update.win32_2.0.0.202105311346/tools/bin/../lib/gcc/arm-none-eabi/9.3.1/thumb/v7e-m+fp/hard/crtbegin.o
 *(.init)
 .init          0x00000000080031d4        0x4 c:/st/stm32cubeide_1.7.0/stm32cubeide/plugins/com.st.stm32cube.ide.mcu.externaltools.gnu-tools-for-stm32.9-2020-q2-update.win32_2.0.0.202105311346/tools/bin/../lib/gcc/arm-none-eabi/9.3.1/thumb/v7e-m+fp/hard/crti.o
                0x00000000080031d4                _init
 .init          0x00000000080031d8        0x8 c:/st/stm32cubeide_1.7.0/stm32cubeide/plugins/com.st.stm32cube.ide.mcu.externaltools.gnu-tools-for-stm32.9-2020-q2-update.win32_2.0.0.202105311346/tools/bin/../lib/gcc/arm-none-eabi/9.3.1/thumb/v7e-m+fp/hard/crtn.o
 *(.fini)
 .fini          0x00000000080031e0        0x4 c:/st/stm32cubeide_1.7.0/stm32cubeide/plugins/com.st.stm32cube.ide.mcu.externaltools.gnu-tools-for-stm32.9-2020-q2-update.win32_2.0.0.202105311346/tools/bin/../lib/gcc/arm-none-eabi/9.3.1/thumb/v7e-m+fp/hard/crti.o
                0x00000000080031e0                _fini
 .fini          0x00000000080031e4        0x8 c:/st/stm32cubeide_1.7.0/stm32cubeide/plugins/com.st.stm32cube.ide.mcu.externaltools.gnu-tools-for-stm32.9-2020-q2-update.win32_2.0.0.202105311346/tools/bin/../lib/gcc/arm-none-eabi/9.3.1/thumb/v7e-m+fp/hard/crtn.o
                0x00000000080031ec                . = ALIGN (0x4)
                0x00000000080031ec                _etext = .

.vfp11_veneer   0x00000000080031ec        0x0
 .vfp11_veneer  0x00000000080031ec        0x0 linker stubs

.v4_bx          0x00000000080031ec        0x0
 .v4_bx         0x00000000080031ec        0x0 linker stubs

.iplt           0x00000000080031ec        0x0
 .iplt          0x00000000080031ec        0x0 c:/st/stm32cubeide_1.7.0/stm32cubeide/plugins/com.st.stm32cube.ide.mcu.externaltools.gnu-tools-for-stm32.9-2020-q2-update.win32_2.0.0.202105311346/tools/bin/../lib/gcc/arm-none-eabi/9.3.1/thumb/v7e-m+fp/hard/crtbegin.o

.rodata         0x00000000080031ec     0x1700
                0x00000000080031ec                . = ALIGN (0x4)
 *(.rodata)
 .rodata        0x00000000080031ec       0x1c ./Src/main.o
 .rodata        0x0000000008003208        0xf H:\TTCS\BUOI1NHOM2\Lib\liblibraries.a(ucg_font.o)
 *(.rodata*)
 *fill*         0x0000000008003217        0x1 
 .rodata.ucg_st7735_set_pos_seq
                0x0000000008003218       0x1e H:\TTCS\BUOI1NHOM2\Lib\liblibraries.a(ucg_dev_ic_st7735.o)
                0x0000000008003218                ucg_st7735_set_pos_seq
 *fill*         0x0000000008003236        0x2 
 .rodata.ucg_st7735_set_pos_dir0_seq
                0x0000000008003238       0x1e H:\TTCS\BUOI1NHOM2\Lib\liblibraries.a(ucg_dev_ic_st7735.o)
                0x0000000008003238                ucg_st7735_set_pos_dir0_seq
 *fill*         0x0000000008003256        0x2 
 .rodata.ucg_st7735_set_pos_dir1_seq
                0x0000000008003258       0x21 H:\TTCS\BUOI1NHOM2\Lib\liblibraries.a(ucg_dev_ic_st7735.o)
                0x0000000008003258                ucg_st7735_set_pos_dir1_seq
 *fill*         0x0000000008003279        0x3 
 .rodata.ucg_st7735_set_pos_dir2_seq
                0x000000000800327c       0x21 H:\TTCS\BUOI1NHOM2\Lib\liblibraries.a(ucg_dev_ic_st7735.o)
                0x000000000800327c                ucg_st7735_set_pos_dir2_seq
 *fill*         0x000000000800329d        0x3 
 .rodata.ucg_st7735_set_pos_dir3_seq
                0x00000000080032a0       0x24 H:\TTCS\BUOI1NHOM2\Lib\liblibraries.a(ucg_dev_ic_st7735.o)
                0x00000000080032a0                ucg_st7735_set_pos_dir3_seq
 .rodata.ucg_st7735_power_down_seq
                0x00000000080032c4        0x7 H:\TTCS\BUOI1NHOM2\Lib\liblibraries.a(ucg_dev_ic_st7735.o)
 *fill*         0x00000000080032cb        0x1 
 .rodata.ucg_tft_128x160_st7735_init_seq
                0x00000000080032cc       0x2c H:\TTCS\BUOI1NHOM2\Lib\liblibraries.a(ucg_dev_tft_128x128_st7735.o)
 .rodata.ucg_font_ncenR18_tf
                0x00000000080032f8     0x15f4 H:\TTCS\BUOI1NHOM2\Lib\liblibraries.a(ucg_pixel_font_data.o)
                0x00000000080032f8                ucg_font_ncenR18_tf
                0x00000000080048ec                . = ALIGN (0x4)

.rel.dyn        0x00000000080048ec        0x0
 .rel.iplt      0x00000000080048ec        0x0 c:/st/stm32cubeide_1.7.0/stm32cubeide/plugins/com.st.stm32cube.ide.mcu.externaltools.gnu-tools-for-stm32.9-2020-q2-update.win32_2.0.0.202105311346/tools/bin/../lib/gcc/arm-none-eabi/9.3.1/thumb/v7e-m+fp/hard/crtbegin.o

.ARM.extab      0x00000000080048ec        0x0
                0x00000000080048ec                . = ALIGN (0x4)
 *(.ARM.extab* .gnu.linkonce.armextab.*)
                0x00000000080048ec                . = ALIGN (0x4)

.ARM            0x00000000080048ec        0x0
                0x00000000080048ec                . = ALIGN (0x4)
                0x00000000080048ec                __exidx_start = .
 *(.ARM.exidx*)
                0x00000000080048ec                __exidx_end = .
                0x00000000080048ec                . = ALIGN (0x4)

.preinit_array  0x00000000080048ec        0x0
                0x00000000080048ec                . = ALIGN (0x4)
                0x00000000080048ec                PROVIDE (__preinit_array_start = .)
 *(.preinit_array*)
                0x00000000080048ec                PROVIDE (__preinit_array_end = .)
                0x00000000080048ec                . = ALIGN (0x4)

.init_array     0x00000000080048ec        0x4
                0x00000000080048ec                . = ALIGN (0x4)
                0x00000000080048ec                PROVIDE (__init_array_start = .)
 *(SORT_BY_NAME(.init_array.*))
 *(.init_array*)
 .init_array    0x00000000080048ec        0x4 c:/st/stm32cubeide_1.7.0/stm32cubeide/plugins/com.st.stm32cube.ide.mcu.externaltools.gnu-tools-for-stm32.9-2020-q2-update.win32_2.0.0.202105311346/tools/bin/../lib/gcc/arm-none-eabi/9.3.1/thumb/v7e-m+fp/hard/crtbegin.o
                0x00000000080048f0                PROVIDE (__init_array_end = .)
                0x00000000080048f0                . = ALIGN (0x4)

.fini_array     0x00000000080048f0        0x4
                0x00000000080048f0                . = ALIGN (0x4)
                [!provide]                        PROVIDE (__fini_array_start = .)
 *(SORT_BY_NAME(.fini_array.*))
 *(.fini_array*)
 .fini_array    0x00000000080048f0        0x4 c:/st/stm32cubeide_1.7.0/stm32cubeide/plugins/com.st.stm32cube.ide.mcu.externaltools.gnu-tools-for-stm32.9-2020-q2-update.win32_2.0.0.202105311346/tools/bin/../lib/gcc/arm-none-eabi/9.3.1/thumb/v7e-m+fp/hard/crtbegin.o
                [!provide]                        PROVIDE (__fini_array_end = .)
                0x00000000080048f4                . = ALIGN (0x4)
                0x00000000080048f4                _sidata = LOADADDR (.data)

.data           0x0000000020000000       0x28 load address 0x00000000080048f4
                0x0000000020000000                . = ALIGN (0x4)
                0x0000000020000000                _sdata = .
 *(.data)
 *(.data*)
 .data.SystemCoreClock
                0x0000000020000000        0x4 ./SDK_1.0.3_NUCLEO-F401RE/shared-20260323T021029Z-3-001/shared/Drivers/CMSIS/Source/system_stm32f4xx.o
                0x0000000020000000                SystemCoreClock
 .data.AHBPrescTable
                0x0000000020000004       0x10 ./SDK_1.0.3_NUCLEO-F401RE/shared-20260323T021029Z-3-001/shared/Drivers/CMSIS/Source/system_stm32f4xx.o
                0x0000000020000004                AHBPrescTable
 .data.APBAHBPrescTable
                0x0000000020000014       0x10 ./SDK_1.0.3_NUCLEO-F401RE/shared-20260323T021029Z-3-001/shared/Drivers/STM32F401RE_StdPeriph_Driver/src/stm32f401re_rcc.o
 .data.idTaskScanDecodeLen
                0x0000000020000024        0x1 H:\TTCS\BUOI1NHOM2\Lib\liblibraries.a(ucg_font.o)
 *(.RamFunc)
 *(.RamFunc*)
                0x0000000020000028                . = ALIGN (0x4)
 *fill*         0x0000000020000025        0x3 
                0x0000000020000028                _edata = .

.igot.plt       0x0000000020000028        0x0 load address 0x000000000800491c
 .igot.plt      0x0000000020000028        0x0 c:/st/stm32cubeide_1.7.0/stm32cubeide/plugins/com.st.stm32cube.ide.mcu.externaltools.gnu-tools-for-stm32.9-2020-q2-update.win32_2.0.0.202105311346/tools/bin/../lib/gcc/arm-none-eabi/9.3.1/thumb/v7e-m+fp/hard/crtbegin.o
                0x0000000020000028                . = ALIGN (0x4)

.bss            0x0000000020000028     0x1274 load address 0x000000000800491c
                0x0000000020000028                _sbss = .
                0x0000000020000028                __bss_start__ = _sbss
 *(.bss)
 .bss           0x0000000020000028       0x1c c:/st/stm32cubeide_1.7.0/stm32cubeide/plugins/com.st.stm32cube.ide.mcu.externaltools.gnu-tools-for-stm32.9-2020-q2-update.win32_2.0.0.202105311346/tools/bin/../lib/gcc/arm-none-eabi/9.3.1/thumb/v7e-m+fp/hard/crtbegin.o
 *(.bss*)
 .bss.ucg       0x0000000020000044       0xb4 ./Src/main.o
 .bss.g_pTimerHandle
                0x00000000200000f8      0x180 H:\TTCS\BUOI1NHOM2\Lib\liblibraries.a(timer.o)
 .bss.g_wMilSecTickTimer
                0x0000000020000278        0x4 H:\TTCS\BUOI1NHOM2\Lib\liblibraries.a(timer.o)
 .bss.fontQueue
                0x000000002000027c       0x10 H:\TTCS\BUOI1NHOM2\Lib\liblibraries.a(ucg_font.o)
 .bss.pQueueFont
                0x000000002000028c     0x1000 H:\TTCS\BUOI1NHOM2\Lib\liblibraries.a(ucg_font.o)
 .bss.next.7562
                0x000000002000128c        0x1 H:\TTCS\BUOI1NHOM2\Lib\liblibraries.a(ucg_font.o)
 *(COMMON)
 *fill*         0x000000002000128d        0x3 
 COMMON         0x0000000020001290        0xc H:\TTCS\BUOI1NHOM2\Lib\liblibraries.a(ucg_font.o)
                0x0000000020001290                ucg_draw_str
                0x000000002000129c                . = ALIGN (0x4)
                0x000000002000129c                _ebss = .
                0x000000002000129c                __bss_end__ = _ebss

._user_heap_stack
                0x000000002000129c      0x604 load address 0x000000000800491c
                0x00000000200012a0                . = ALIGN (0x8)
 *fill*         0x000000002000129c        0x4 
                [!provide]                        PROVIDE (end = .)
                0x00000000200012a0                PROVIDE (_end = .)
                0x00000000200014a0                . = (. + _Min_Heap_Size)
 *fill*         0x00000000200012a0      0x200 
                0x00000000200018a0                . = (. + _Min_Stack_Size)
 *fill*         0x00000000200014a0      0x400 
                0x00000000200018a0                . = ALIGN (0x8)

/DISCARD/
 libc.a(*)
 libm.a(*)
 libgcc.a(*)

.ARM.attributes
                0x0000000000000000       0x30
 *(.ARM.attributes)
 .ARM.attributes
                0x0000000000000000       0x1e c:/st/stm32cubeide_1.7.0/stm32cubeide/plugins/com.st.stm32cube.ide.mcu.externaltools.gnu-tools-for-stm32.9-2020-q2-update.win32_2.0.0.202105311346/tools/bin/../lib/gcc/arm-none-eabi/9.3.1/thumb/v7e-m+fp/hard/crti.o
 .ARM.attributes
                0x000000000000001e       0x34 c:/st/stm32cubeide_1.7.0/stm32cubeide/plugins/com.st.stm32cube.ide.mcu.externaltools.gnu-tools-for-stm32.9-2020-q2-update.win32_2.0.0.202105311346/tools/bin/../lib/gcc/arm-none-eabi/9.3.1/thumb/v7e-m+fp/hard/crtbegin.o
 .ARM.attributes
                0x0000000000000052       0x34 ./SDK_1.0.3_NUCLEO-F401RE/shared-20260323T021029Z-3-001/shared/Drivers/CMSIS/Source/system_stm32f4xx.o
 .ARM.attributes
                0x0000000000000086       0x34 ./SDK_1.0.3_NUCLEO-F401RE/shared-20260323T021029Z-3-001/shared/Drivers/STM32F401RE_StdPeriph_Driver/src/stm32f401re_rcc.o
 .ARM.attributes
                0x00000000000000ba       0x34 ./SDK_1.0.3_NUCLEO-F401RE/shared-20260323T021029Z-3-001/shared/Utilities/buff.o
 .ARM.attributes
                0x00000000000000ee       0x34 ./SDK_1.0.3_NUCLEO-F401RE/shared-20260323T021029Z-3-001/shared/Utilities/utilities.o
 .ARM.attributes
                0x0000000000000122       0x34 ./Src/main.o
 .ARM.attributes
                0x0000000000000156       0x21 ./Startup/startup_stm32f401retx.o
 .ARM.attributes
                0x0000000000000177       0x39 H:\TTCS\BUOI1NHOM2\Lib\liblibraries.a(timer.o)
 .ARM.attributes
                0x00000000000001b0       0x39 H:\TTCS\BUOI1NHOM2\Lib\liblibraries.a(Ucglib.o)
 .ARM.attributes
                0x00000000000001e9       0x39 H:\TTCS\BUOI1NHOM2\Lib\liblibraries.a(ucg_box.o)
 .ARM.attributes
                0x0000000000000222       0x39 H:\TTCS\BUOI1NHOM2\Lib\liblibraries.a(ucg_ccs.o)
 .ARM.attributes
                0x000000000000025b       0x39 H:\TTCS\BUOI1NHOM2\Lib\liblibraries.a(ucg_dev_default_cb.o)
 .ARM.attributes
                0x0000000000000294       0x39 H:\TTCS\BUOI1NHOM2\Lib\liblibraries.a(ucg_dev_ic_st7735.o)
 .ARM.attributes
                0x00000000000002cd       0x39 H:\TTCS\BUOI1NHOM2\Lib\liblibraries.a(ucg_dev_msg_api.o)
 .ARM.attributes
                0x0000000000000306       0x39 H:\TTCS\BUOI1NHOM2\Lib\liblibraries.a(ucg_dev_tft_128x128_st7735.o)
 .ARM.attributes
                0x000000000000033f       0x39 H:\TTCS\BUOI1NHOM2\Lib\liblibraries.a(ucg_font.o)
 .ARM.attributes
                0x0000000000000378       0x39 H:\TTCS\BUOI1NHOM2\Lib\liblibraries.a(ucg_init.o)
 .ARM.attributes
                0x00000000000003b1       0x39 H:\TTCS\BUOI1NHOM2\Lib\liblibraries.a(ucg_line.o)
 .ARM.attributes
                0x00000000000003ea       0x39 H:\TTCS\BUOI1NHOM2\Lib\liblibraries.a(ucg_pixel.o)
 .ARM.attributes
                0x0000000000000423       0x39 H:\TTCS\BUOI1NHOM2\Lib\liblibraries.a(ucg_pixel_font_data.o)
 .ARM.attributes
                0x000000000000045c       0x39 H:\TTCS\BUOI1NHOM2\Lib\liblibraries.a(ucg_rotate.o)
 .ARM.attributes
                0x0000000000000495       0x39 H:\TTCS\BUOI1NHOM2\Lib\liblibraries.a(stm32f401re_gpio.o)
 .ARM.attributes
                0x00000000000004ce       0x39 H:\TTCS\BUOI1NHOM2\Lib\liblibraries.a(ucg_clip.o)
 .ARM.attributes
                0x0000000000000507       0x39 H:\TTCS\BUOI1NHOM2\Lib\liblibraries.a(ucg_com_msg_api.o)
 .ARM.attributes
                0x0000000000000540       0x34 c:/st/stm32cubeide_1.7.0/stm32cubeide/plugins/com.st.stm32cube.ide.mcu.externaltools.gnu-tools-for-stm32.9-2020-q2-update.win32_2.0.0.202105311346/tools/bin/../lib/gcc/arm-none-eabi/9.3.1/../../../../arm-none-eabi/lib/thumb/v7e-m+fp/hard\libc_nano.a(lib_a-init.o)
 .ARM.attributes
                0x0000000000000574       0x1e c:/st/stm32cubeide_1.7.0/stm32cubeide/plugins/com.st.stm32cube.ide.mcu.externaltools.gnu-tools-for-stm32.9-2020-q2-update.win32_2.0.0.202105311346/tools/bin/../lib/gcc/arm-none-eabi/9.3.1/thumb/v7e-m+fp/hard/crtn.o
OUTPUT(ProjectDauTien.elf elf32-littlearm)
LOAD linker stubs
LOAD c:/st/stm32cubeide_1.7.0/stm32cubeide/plugins/com.st.stm32cube.ide.mcu.externaltools.gnu-tools-for-stm32.9-2020-q2-update.win32_2.0.0.202105311346/tools/bin/../lib/gcc/arm-none-eabi/9.3.1/../../../../arm-none-eabi/lib/thumb/v7e-m+fp/hard\libc.a
LOAD c:/st/stm32cubeide_1.7.0/stm32cubeide/plugins/com.st.stm32cube.ide.mcu.externaltools.gnu-tools-for-stm32.9-2020-q2-update.win32_2.0.0.202105311346/tools/bin/../lib/gcc/arm-none-eabi/9.3.1/../../../../arm-none-eabi/lib/thumb/v7e-m+fp/hard\libm.a
LOAD c:/st/stm32cubeide_1.7.0/stm32cubeide/plugins/com.st.stm32cube.ide.mcu.externaltools.gnu-tools-for-stm32.9-2020-q2-update.win32_2.0.0.202105311346/tools/bin/../lib/gcc/arm-none-eabi/9.3.1/thumb/v7e-m+fp/hard\libgcc.a

.debug_info     0x0000000000000000    0x36f83
 .debug_info    0x0000000000000000      0x610 ./SDK_1.0.3_NUCLEO-F401RE/shared-20260323T021029Z-3-001/shared/Drivers/CMSIS/Source/system_stm32f4xx.o
 .debug_info    0x0000000000000610      0xe1a ./SDK_1.0.3_NUCLEO-F401RE/shared-20260323T021029Z-3-001/shared/Drivers/STM32F401RE_StdPeriph_Driver/src/stm32f401re_rcc.o
 .debug_info    0x000000000000142a      0x367 ./SDK_1.0.3_NUCLEO-F401RE/shared-20260323T021029Z-3-001/shared/Utilities/buff.o
 .debug_info    0x0000000000001791      0x2e2 ./SDK_1.0.3_NUCLEO-F401RE/shared-20260323T021029Z-3-001/shared/Utilities/utilities.o
 .debug_info    0x0000000000001a73     0x33dd ./Src/main.o
 .debug_info    0x0000000000004e50       0x22 ./Startup/startup_stm32f401retx.o
 .debug_info    0x0000000000004e72      0x922 H:\TTCS\BUOI1NHOM2\Lib\liblibraries.a(timer.o)
 .debug_info    0x0000000000005794     0x333f H:\TTCS\BUOI1NHOM2\Lib\liblibraries.a(Ucglib.o)
 .debug_info    0x0000000000008ad3     0x329d H:\TTCS\BUOI1NHOM2\Lib\liblibraries.a(ucg_box.o)
 .debug_info    0x000000000000bd70     0x2b08 H:\TTCS\BUOI1NHOM2\Lib\liblibraries.a(ucg_ccs.o)
 .debug_info    0x000000000000e878     0x324b H:\TTCS\BUOI1NHOM2\Lib\liblibraries.a(ucg_dev_default_cb.o)
 .debug_info    0x0000000000011ac3     0x3272 H:\TTCS\BUOI1NHOM2\Lib\liblibraries.a(ucg_dev_ic_st7735.o)
 .debug_info    0x0000000000014d35     0x3178 H:\TTCS\BUOI1NHOM2\Lib\liblibraries.a(ucg_dev_msg_api.o)
 .debug_info    0x0000000000017ead     0x303e H:\TTCS\BUOI1NHOM2\Lib\liblibraries.a(ucg_dev_tft_128x128_st7735.o)
 .debug_info    0x000000000001aeeb     0x43ab H:\TTCS\BUOI1NHOM2\Lib\liblibraries.a(ucg_font.o)
 .debug_info    0x000000000001f296     0x3856 H:\TTCS\BUOI1NHOM2\Lib\liblibraries.a(ucg_init.o)
 .debug_info    0x0000000000022aec     0x3222 H:\TTCS\BUOI1NHOM2\Lib\liblibraries.a(ucg_line.o)
 .debug_info    0x0000000000025d0e     0x3056 H:\TTCS\BUOI1NHOM2\Lib\liblibraries.a(ucg_pixel.o)
 .debug_info    0x0000000000028d64     0x43df H:\TTCS\BUOI1NHOM2\Lib\liblibraries.a(ucg_pixel_font_data.o)
 .debug_info    0x000000000002d143     0x3231 H:\TTCS\BUOI1NHOM2\Lib\liblibraries.a(ucg_rotate.o)
 .debug_info    0x0000000000030374      0x62b H:\TTCS\BUOI1NHOM2\Lib\liblibraries.a(stm32f401re_gpio.o)
 .debug_info    0x000000000003099f     0x315a H:\TTCS\BUOI1NHOM2\Lib\liblibraries.a(ucg_clip.o)
 .debug_info    0x0000000000033af9     0x348a H:\TTCS\BUOI1NHOM2\Lib\liblibraries.a(ucg_com_msg_api.o)

.debug_abbrev   0x0000000000000000     0x234b
 .debug_abbrev  0x0000000000000000      0x154 ./SDK_1.0.3_NUCLEO-F401RE/shared-20260323T021029Z-3-001/shared/Drivers/CMSIS/Source/system_stm32f4xx.o
 .debug_abbrev  0x0000000000000154      0x229 ./SDK_1.0.3_NUCLEO-F401RE/shared-20260323T021029Z-3-001/shared/Drivers/STM32F401RE_StdPeriph_Driver/src/stm32f401re_rcc.o
 .debug_abbrev  0x000000000000037d      0x142 ./SDK_1.0.3_NUCLEO-F401RE/shared-20260323T021029Z-3-001/shared/Utilities/buff.o
 .debug_abbrev  0x00000000000004bf       0xdc ./SDK_1.0.3_NUCLEO-F401RE/shared-20260323T021029Z-3-001/shared/Utilities/utilities.o
 .debug_abbrev  0x000000000000059b      0x160 ./Src/main.o
 .debug_abbrev  0x00000000000006fb       0x12 ./Startup/startup_stm32f401retx.o
 .debug_abbrev  0x000000000000070d      0x29a H:\TTCS\BUOI1NHOM2\Lib\liblibraries.a(timer.o)
 .debug_abbrev  0x00000000000009a7      0x202 H:\TTCS\BUOI1NHOM2\Lib\liblibraries.a(Ucglib.o)
 .debug_abbrev  0x0000000000000ba9      0x18b H:\TTCS\BUOI1NHOM2\Lib\liblibraries.a(ucg_box.o)
 .debug_abbrev  0x0000000000000d34       0xf5 H:\TTCS\BUOI1NHOM2\Lib\liblibraries.a(ucg_ccs.o)
 .debug_abbrev  0x0000000000000e29      0x19e H:\TTCS\BUOI1NHOM2\Lib\liblibraries.a(ucg_dev_default_cb.o)
 .debug_abbrev  0x0000000000000fc7      0x1dc H:\TTCS\BUOI1NHOM2\Lib\liblibraries.a(ucg_dev_ic_st7735.o)
 .debug_abbrev  0x00000000000011a3      0x191 H:\TTCS\BUOI1NHOM2\Lib\liblibraries.a(ucg_dev_msg_api.o)
 .debug_abbrev  0x0000000000001334      0x14e H:\TTCS\BUOI1NHOM2\Lib\liblibraries.a(ucg_dev_tft_128x128_st7735.o)
 .debug_abbrev  0x0000000000001482      0x2fc H:\TTCS\BUOI1NHOM2\Lib\liblibraries.a(ucg_font.o)
 .debug_abbrev  0x000000000000177e      0x1c6 H:\TTCS\BUOI1NHOM2\Lib\liblibraries.a(ucg_init.o)
 .debug_abbrev  0x0000000000001944      0x175 H:\TTCS\BUOI1NHOM2\Lib\liblibraries.a(ucg_line.o)
 .debug_abbrev  0x0000000000001ab9      0x148 H:\TTCS\BUOI1NHOM2\Lib\liblibraries.a(ucg_pixel.o)
 .debug_abbrev  0x0000000000001c01       0x83 H:\TTCS\BUOI1NHOM2\Lib\liblibraries.a(ucg_pixel_font_data.o)
 .debug_abbrev  0x0000000000001c84      0x1a3 H:\TTCS\BUOI1NHOM2\Lib\liblibraries.a(ucg_rotate.o)
 .debug_abbrev  0x0000000000001e27      0x1bf H:\TTCS\BUOI1NHOM2\Lib\liblibraries.a(stm32f401re_gpio.o)
 .debug_abbrev  0x0000000000001fe6      0x173 H:\TTCS\BUOI1NHOM2\Lib\liblibraries.a(ucg_clip.o)
 .debug_abbrev  0x0000000000002159      0x1f2 H:\TTCS\BUOI1NHOM2\Lib\liblibraries.a(ucg_com_msg_api.o)

.debug_aranges  0x0000000000000000      0x8d8
 .debug_aranges
                0x0000000000000000       0x30 ./SDK_1.0.3_NUCLEO-F401RE/shared-20260323T021029Z-3-001/shared/Drivers/CMSIS/Source/system_stm32f4xx.o
 .debug_aranges
                0x0000000000000030      0x198 ./SDK_1.0.3_NUCLEO-F401RE/shared-20260323T021029Z-3-001/shared/Drivers/STM32F401RE_StdPeriph_Driver/src/stm32f401re_rcc.o
 .debug_aranges
                0x00000000000001c8       0x50 ./SDK_1.0.3_NUCLEO-F401RE/shared-20260323T021029Z-3-001/shared/Utilities/buff.o
 .debug_aranges
                0x0000000000000218       0x48 ./SDK_1.0.3_NUCLEO-F401RE/shared-20260323T021029Z-3-001/shared/Utilities/utilities.o
 .debug_aranges
                0x0000000000000260       0x20 ./Src/main.o
 .debug_aranges
                0x0000000000000280       0x28 ./Startup/startup_stm32f401retx.o
 .debug_aranges
                0x00000000000002a8       0x70 H:\TTCS\BUOI1NHOM2\Lib\liblibraries.a(timer.o)
 .debug_aranges
                0x0000000000000318       0x48 H:\TTCS\BUOI1NHOM2\Lib\liblibraries.a(Ucglib.o)
 .debug_aranges
                0x0000000000000360       0x48 H:\TTCS\BUOI1NHOM2\Lib\liblibraries.a(ucg_box.o)
 .debug_aranges
                0x00000000000003a8       0x30 H:\TTCS\BUOI1NHOM2\Lib\liblibraries.a(ucg_ccs.o)
 .debug_aranges
                0x00000000000003d8       0x48 H:\TTCS\BUOI1NHOM2\Lib\liblibraries.a(ucg_dev_default_cb.o)
 .debug_aranges
                0x0000000000000420       0x40 H:\TTCS\BUOI1NHOM2\Lib\liblibraries.a(ucg_dev_ic_st7735.o)
 .debug_aranges
                0x0000000000000460       0x60 H:\TTCS\BUOI1NHOM2\Lib\liblibraries.a(ucg_dev_msg_api.o)
 .debug_aranges
                0x00000000000004c0       0x20 H:\TTCS\BUOI1NHOM2\Lib\liblibraries.a(ucg_dev_tft_128x128_st7735.o)
 .debug_aranges
                0x00000000000004e0      0x168 H:\TTCS\BUOI1NHOM2\Lib\liblibraries.a(ucg_font.o)
 .debug_aranges
                0x0000000000000648       0x28 H:\TTCS\BUOI1NHOM2\Lib\liblibraries.a(ucg_init.o)
 .debug_aranges
                0x0000000000000670       0x48 H:\TTCS\BUOI1NHOM2\Lib\liblibraries.a(ucg_line.o)
 .debug_aranges
                0x00000000000006b8       0x28 H:\TTCS\BUOI1NHOM2\Lib\liblibraries.a(ucg_pixel.o)
 .debug_aranges
                0x00000000000006e0       0x18 H:\TTCS\BUOI1NHOM2\Lib\liblibraries.a(ucg_pixel_font_data.o)
 .debug_aranges
                0x00000000000006f8       0x68 H:\TTCS\BUOI1NHOM2\Lib\liblibraries.a(ucg_rotate.o)
 .debug_aranges
                0x0000000000000760       0x88 H:\TTCS\BUOI1NHOM2\Lib\liblibraries.a(stm32f401re_gpio.o)
 .debug_aranges
                0x00000000000007e8       0x50 H:\TTCS\BUOI1NHOM2\Lib\liblibraries.a(ucg_clip.o)
 .debug_aranges
                0x0000000000000838       0xa0 H:\TTCS\BUOI1NHOM2\Lib\liblibraries.a(ucg_com_msg_api.o)

.debug_ranges   0x0000000000000000      0x768
 .debug_ranges  0x0000000000000000       0x20 ./SDK_1.0.3_NUCLEO-F401RE/shared-20260323T021029Z-3-001/shared/Drivers/CMSIS/Source/system_stm32f4xx.o
 .debug_ranges  0x0000000000000020      0x188 ./SDK_1.0.3_NUCLEO-F401RE/shared-20260323T021029Z-3-001/shared/Drivers/STM32F401RE_StdPeriph_Driver/src/stm32f401re_rcc.o
 .debug_ranges  0x00000000000001a8       0x40 ./SDK_1.0.3_NUCLEO-F401RE/shared-20260323T021029Z-3-001/shared/Utilities/buff.o
 .debug_ranges  0x00000000000001e8       0x38 ./SDK_1.0.3_NUCLEO-F401RE/shared-20260323T021029Z-3-001/shared/Utilities/utilities.o
 .debug_ranges  0x0000000000000220       0x10 ./Src/main.o
 .debug_ranges  0x0000000000000230       0x20 ./Startup/startup_stm32f401retx.o
 .debug_ranges  0x0000000000000250       0x60 H:\TTCS\BUOI1NHOM2\Lib\liblibraries.a(timer.o)
 .debug_ranges  0x00000000000002b0       0x38 H:\TTCS\BUOI1NHOM2\Lib\liblibraries.a(Ucglib.o)
 .debug_ranges  0x00000000000002e8       0x38 H:\TTCS\BUOI1NHOM2\Lib\liblibraries.a(ucg_box.o)
 .debug_ranges  0x0000000000000320       0x20 H:\TTCS\BUOI1NHOM2\Lib\liblibraries.a(ucg_ccs.o)
 .debug_ranges  0x0000000000000340       0x38 H:\TTCS\BUOI1NHOM2\Lib\liblibraries.a(ucg_dev_default_cb.o)
 .debug_ranges  0x0000000000000378       0x30 H:\TTCS\BUOI1NHOM2\Lib\liblibraries.a(ucg_dev_ic_st7735.o)
 .debug_ranges  0x00000000000003a8       0x50 H:\TTCS\BUOI1NHOM2\Lib\liblibraries.a(ucg_dev_msg_api.o)
 .debug_ranges  0x00000000000003f8       0x10 H:\TTCS\BUOI1NHOM2\Lib\liblibraries.a(ucg_dev_tft_128x128_st7735.o)
 .debug_ranges  0x0000000000000408      0x158 H:\TTCS\BUOI1NHOM2\Lib\liblibraries.a(ucg_font.o)
 .debug_ranges  0x0000000000000560       0x18 H:\TTCS\BUOI1NHOM2\Lib\liblibraries.a(ucg_init.o)
 .debug_ranges  0x0000000000000578       0x38 H:\TTCS\BUOI1NHOM2\Lib\liblibraries.a(ucg_line.o)
 .debug_ranges  0x00000000000005b0       0x18 H:\TTCS\BUOI1NHOM2\Lib\liblibraries.a(ucg_pixel.o)
 .debug_ranges  0x00000000000005c8       0x58 H:\TTCS\BUOI1NHOM2\Lib\liblibraries.a(ucg_rotate.o)
 .debug_ranges  0x0000000000000620       0x78 H:\TTCS\BUOI1NHOM2\Lib\liblibraries.a(stm32f401re_gpio.o)
 .debug_ranges  0x0000000000000698       0x40 H:\TTCS\BUOI1NHOM2\Lib\liblibraries.a(ucg_clip.o)
 .debug_ranges  0x00000000000006d8       0x90 H:\TTCS\BUOI1NHOM2\Lib\liblibraries.a(ucg_com_msg_api.o)

.debug_macro    0x0000000000000000    0x12515
 .debug_macro   0x0000000000000000       0xce ./SDK_1.0.3_NUCLEO-F401RE/shared-20260323T021029Z-3-001/shared/Drivers/CMSIS/Source/system_stm32f4xx.o
 .debug_macro   0x00000000000000ce      0xab4 ./SDK_1.0.3_NUCLEO-F401RE/shared-20260323T021029Z-3-001/shared/Drivers/CMSIS/Source/system_stm32f4xx.o
 .debug_macro   0x0000000000000b82       0x40 ./SDK_1.0.3_NUCLEO-F401RE/shared-20260323T021029Z-3-001/shared/Drivers/CMSIS/Source/system_stm32f4xx.o
 .debug_macro   0x0000000000000bc2       0x3b ./SDK_1.0.3_NUCLEO-F401RE/shared-20260323T021029Z-3-001/shared/Drivers/CMSIS/Source/system_stm32f4xx.o
 .debug_macro   0x0000000000000bfd       0x22 ./SDK_1.0.3_NUCLEO-F401RE/shared-20260323T021029Z-3-001/shared/Drivers/CMSIS/Source/system_stm32f4xx.o
 .debug_macro   0x0000000000000c1f       0x8e ./SDK_1.0.3_NUCLEO-F401RE/shared-20260323T021029Z-3-001/shared/Drivers/CMSIS/Source/system_stm32f4xx.o
 .debug_macro   0x0000000000000cad       0x51 ./SDK_1.0.3_NUCLEO-F401RE/shared-20260323T021029Z-3-001/shared/Drivers/CMSIS/Source/system_stm32f4xx.o
 .debug_macro   0x0000000000000cfe      0x103 ./SDK_1.0.3_NUCLEO-F401RE/shared-20260323T021029Z-3-001/shared/Drivers/CMSIS/Source/system_stm32f4xx.o
 .debug_macro   0x0000000000000e01       0x6a ./SDK_1.0.3_NUCLEO-F401RE/shared-20260323T021029Z-3-001/shared/Drivers/CMSIS/Source/system_stm32f4xx.o
 .debug_macro   0x0000000000000e6b      0x1df ./SDK_1.0.3_NUCLEO-F401RE/shared-20260323T021029Z-3-001/shared/Drivers/CMSIS/Source/system_stm32f4xx.o
 .debug_macro   0x000000000000104a       0x34 ./SDK_1.0.3_NUCLEO-F401RE/shared-20260323T021029Z-3-001/shared/Drivers/CMSIS/Source/system_stm32f4xx.o
 .debug_macro   0x000000000000107e       0x26 ./SDK_1.0.3_NUCLEO-F401RE/shared-20260323T021029Z-3-001/shared/Drivers/CMSIS/Source/system_stm32f4xx.o
 .debug_macro   0x00000000000010a4      0xe43 ./SDK_1.0.3_NUCLEO-F401RE/shared-20260323T021029Z-3-001/shared/Drivers/CMSIS/Source/system_stm32f4xx.o
 .debug_macro   0x0000000000001ee7     0x466d ./SDK_1.0.3_NUCLEO-F401RE/shared-20260323T021029Z-3-001/shared/Drivers/CMSIS/Source/system_stm32f4xx.o
 .debug_macro   0x0000000000006554      0x186 ./SDK_1.0.3_NUCLEO-F401RE/shared-20260323T021029Z-3-001/shared/Drivers/STM32F401RE_StdPeriph_Driver/src/stm32f401re_rcc.o
 .debug_macro   0x00000000000066da      0x4f3 ./SDK_1.0.3_NUCLEO-F401RE/shared-20260323T021029Z-3-001/shared/Drivers/STM32F401RE_StdPeriph_Driver/src/stm32f401re_rcc.o
 .debug_macro   0x0000000000006bcd       0xc2 ./SDK_1.0.3_NUCLEO-F401RE/shared-20260323T021029Z-3-001/shared/Utilities/buff.o
 .debug_macro   0x0000000000006c8f       0x16 ./SDK_1.0.3_NUCLEO-F401RE/shared-20260323T021029Z-3-001/shared/Utilities/buff.o
 .debug_macro   0x0000000000006ca5       0x16 ./SDK_1.0.3_NUCLEO-F401RE/shared-20260323T021029Z-3-001/shared/Utilities/buff.o
 .debug_macro   0x0000000000006cbb       0x72 ./SDK_1.0.3_NUCLEO-F401RE/shared-20260323T021029Z-3-001/shared/Utilities/utilities.o
 .debug_macro   0x0000000000006d2d       0x10 ./SDK_1.0.3_NUCLEO-F401RE/shared-20260323T021029Z-3-001/shared/Utilities/utilities.o
 .debug_macro   0x0000000000006d3d       0x92 ./Src/main.o
 .debug_macro   0x0000000000006dcf      0x174 ./Src/main.o
 .debug_macro   0x0000000000006f43       0x22 ./Src/main.o
 .debug_macro   0x0000000000006f65      0x301 ./Src/main.o
 .debug_macro   0x0000000000007266       0xe3 H:\TTCS\BUOI1NHOM2\Lib\liblibraries.a(timer.o)
 .debug_macro   0x0000000000007349      0xa66 H:\TTCS\BUOI1NHOM2\Lib\liblibraries.a(timer.o)
 .debug_macro   0x0000000000007daf       0x22 H:\TTCS\BUOI1NHOM2\Lib\liblibraries.a(timer.o)
 .debug_macro   0x0000000000007dd1       0xef H:\TTCS\BUOI1NHOM2\Lib\liblibraries.a(timer.o)
 .debug_macro   0x0000000000007ec0       0x1c H:\TTCS\BUOI1NHOM2\Lib\liblibraries.a(timer.o)
 .debug_macro   0x0000000000007edc       0x6b H:\TTCS\BUOI1NHOM2\Lib\liblibraries.a(timer.o)
 .debug_macro   0x0000000000007f47     0x8018 H:\TTCS\BUOI1NHOM2\Lib\liblibraries.a(timer.o)
 .debug_macro   0x000000000000ff5f      0x644 H:\TTCS\BUOI1NHOM2\Lib\liblibraries.a(timer.o)
 .debug_macro   0x00000000000105a3      0x141 H:\TTCS\BUOI1NHOM2\Lib\liblibraries.a(Ucglib.o)
 .debug_macro   0x00000000000106e4      0x174 H:\TTCS\BUOI1NHOM2\Lib\liblibraries.a(Ucglib.o)
 .debug_macro   0x0000000000010858      0x2f4 H:\TTCS\BUOI1NHOM2\Lib\liblibraries.a(Ucglib.o)
 .debug_macro   0x0000000000010b4c       0x84 H:\TTCS\BUOI1NHOM2\Lib\liblibraries.a(ucg_box.o)
 .debug_macro   0x0000000000010bd0       0x84 H:\TTCS\BUOI1NHOM2\Lib\liblibraries.a(ucg_ccs.o)
 .debug_macro   0x0000000000010c54       0x84 H:\TTCS\BUOI1NHOM2\Lib\liblibraries.a(ucg_dev_default_cb.o)
 .debug_macro   0x0000000000010cd8       0x84 H:\TTCS\BUOI1NHOM2\Lib\liblibraries.a(ucg_dev_ic_st7735.o)
 .debug_macro   0x0000000000010d5c       0x88 H:\TTCS\BUOI1NHOM2\Lib\liblibraries.a(ucg_dev_msg_api.o)
 .debug_macro   0x0000000000010de4       0x84 H:\TTCS\BUOI1NHOM2\Lib\liblibraries.a(ucg_dev_tft_128x128_st7735.o)
 .debug_macro   0x0000000000010e68      0x15a H:\TTCS\BUOI1NHOM2\Lib\liblibraries.a(ucg_font.o)
 .debug_macro   0x0000000000010fc2       0x1c H:\TTCS\BUOI1NHOM2\Lib\liblibraries.a(ucg_font.o)
 .debug_macro   0x0000000000010fde       0x46 H:\TTCS\BUOI1NHOM2\Lib\liblibraries.a(ucg_font.o)
 .debug_macro   0x0000000000011024       0x18 H:\TTCS\BUOI1NHOM2\Lib\liblibraries.a(ucg_font.o)
 .debug_macro   0x000000000001103c       0x3c H:\TTCS\BUOI1NHOM2\Lib\liblibraries.a(ucg_font.o)
 .debug_macro   0x0000000000011078       0x52 H:\TTCS\BUOI1NHOM2\Lib\liblibraries.a(ucg_font.o)
 .debug_macro   0x00000000000110ca       0x1f H:\TTCS\BUOI1NHOM2\Lib\liblibraries.a(ucg_font.o)
 .debug_macro   0x00000000000110e9       0x43 H:\TTCS\BUOI1NHOM2\Lib\liblibraries.a(ucg_font.o)
 .debug_macro   0x000000000001112c       0x20 H:\TTCS\BUOI1NHOM2\Lib\liblibraries.a(ucg_font.o)
 .debug_macro   0x000000000001114c      0x1a3 H:\TTCS\BUOI1NHOM2\Lib\liblibraries.a(ucg_font.o)
 .debug_macro   0x00000000000112ef      0x330 H:\TTCS\BUOI1NHOM2\Lib\liblibraries.a(ucg_font.o)
 .debug_macro   0x000000000001161f       0x10 H:\TTCS\BUOI1NHOM2\Lib\liblibraries.a(ucg_font.o)
 .debug_macro   0x000000000001162f       0x35 H:\TTCS\BUOI1NHOM2\Lib\liblibraries.a(ucg_font.o)
 .debug_macro   0x0000000000011664       0x20 H:\TTCS\BUOI1NHOM2\Lib\liblibraries.a(ucg_font.o)
 .debug_macro   0x0000000000011684      0x145 H:\TTCS\BUOI1NHOM2\Lib\liblibraries.a(ucg_init.o)
 .debug_macro   0x00000000000117c9       0x84 H:\TTCS\BUOI1NHOM2\Lib\liblibraries.a(ucg_line.o)
 .debug_macro   0x000000000001184d       0x84 H:\TTCS\BUOI1NHOM2\Lib\liblibraries.a(ucg_pixel.o)
 .debug_macro   0x00000000000118d1       0x84 H:\TTCS\BUOI1NHOM2\Lib\liblibraries.a(ucg_pixel_font_data.o)
 .debug_macro   0x0000000000011955       0xbd H:\TTCS\BUOI1NHOM2\Lib\liblibraries.a(ucg_rotate.o)
 .debug_macro   0x0000000000011a12       0xc3 H:\TTCS\BUOI1NHOM2\Lib\liblibraries.a(stm32f401re_gpio.o)
 .debug_macro   0x0000000000011ad5      0x2ee H:\TTCS\BUOI1NHOM2\Lib\liblibraries.a(stm32f401re_gpio.o)
 .debug_macro   0x0000000000011dc3      0x64a H:\TTCS\BUOI1NHOM2\Lib\liblibraries.a(stm32f401re_gpio.o)
 .debug_macro   0x000000000001240d       0x84 H:\TTCS\BUOI1NHOM2\Lib\liblibraries.a(ucg_clip.o)
 .debug_macro   0x0000000000012491       0x84 H:\TTCS\BUOI1NHOM2\Lib\liblibraries.a(ucg_com_msg_api.o)

.debug_line     0x0000000000000000     0x7e44
 .debug_line    0x0000000000000000      0x5d7 ./SDK_1.0.3_NUCLEO-F401RE/shared-20260323T021029Z-3-001/shared/Drivers/CMSIS/Source/system_stm32f4xx.o
 .debug_line    0x00000000000005d7      0xd5f ./SDK_1.0.3_NUCLEO-F401RE/shared-20260323T021029Z-3-001/shared/Drivers/STM32F401RE_StdPeriph_Driver/src/stm32f401re_rcc.o
 .debug_line    0x0000000000001336      0x6e4 ./SDK_1.0.3_NUCLEO-F401RE/shared-20260323T021029Z-3-001/shared/Utilities/buff.o
 .debug_line    0x0000000000001a1a      0x56b ./SDK_1.0.3_NUCLEO-F401RE/shared-20260323T021029Z-3-001/shared/Utilities/utilities.o
 .debug_line    0x0000000000001f85      0x485 ./Src/main.o
 .debug_line    0x000000000000240a       0x84 ./Startup/startup_stm32f401retx.o
 .debug_line    0x000000000000248e      0x684 H:\TTCS\BUOI1NHOM2\Lib\liblibraries.a(timer.o)
 .debug_line    0x0000000000002b12      0x5cd H:\TTCS\BUOI1NHOM2\Lib\liblibraries.a(Ucglib.o)
 .debug_line    0x00000000000030df      0x4c6 H:\TTCS\BUOI1NHOM2\Lib\liblibraries.a(ucg_box.o)
 .debug_line    0x00000000000035a5      0x420 H:\TTCS\BUOI1NHOM2\Lib\liblibraries.a(ucg_ccs.o)
 .debug_line    0x00000000000039c5      0x521 H:\TTCS\BUOI1NHOM2\Lib\liblibraries.a(ucg_dev_default_cb.o)
 .debug_line    0x0000000000003ee6      0x512 H:\TTCS\BUOI1NHOM2\Lib\liblibraries.a(ucg_dev_ic_st7735.o)
 .debug_line    0x00000000000043f8      0x48a H:\TTCS\BUOI1NHOM2\Lib\liblibraries.a(ucg_dev_msg_api.o)
 .debug_line    0x0000000000004882      0x403 H:\TTCS\BUOI1NHOM2\Lib\liblibraries.a(ucg_dev_tft_128x128_st7735.o)
 .debug_line    0x0000000000004c85      0x971 H:\TTCS\BUOI1NHOM2\Lib\liblibraries.a(ucg_font.o)
 .debug_line    0x00000000000055f6      0x55c H:\TTCS\BUOI1NHOM2\Lib\liblibraries.a(ucg_init.o)
 .debug_line    0x0000000000005b52      0x498 H:\TTCS\BUOI1NHOM2\Lib\liblibraries.a(ucg_line.o)
 .debug_line    0x0000000000005fea      0x400 H:\TTCS\BUOI1NHOM2\Lib\liblibraries.a(ucg_pixel.o)
 .debug_line    0x00000000000063ea      0x3e1 H:\TTCS\BUOI1NHOM2\Lib\liblibraries.a(ucg_pixel_font_data.o)
 .debug_line    0x00000000000067cb      0x5d4 H:\TTCS\BUOI1NHOM2\Lib\liblibraries.a(ucg_rotate.o)
 .debug_line    0x0000000000006d9f      0x65e H:\TTCS\BUOI1NHOM2\Lib\liblibraries.a(stm32f401re_gpio.o)
 .debug_line    0x00000000000073fd      0x4c1 H:\TTCS\BUOI1NHOM2\Lib\liblibraries.a(ucg_clip.o)
 .debug_line    0x00000000000078be      0x586 H:\TTCS\BUOI1NHOM2\Lib\liblibraries.a(ucg_com_msg_api.o)

.debug_str      0x0000000000000000    0x45d1d
 .debug_str     0x0000000000000000    0x2166f ./SDK_1.0.3_NUCLEO-F401RE/shared-20260323T021029Z-3-001/shared/Drivers/CMSIS/Source/system_stm32f4xx.o
                                      0x21800 (size before relaxing)
 .debug_str     0x000000000002166f     0x2d19 ./SDK_1.0.3_NUCLEO-F401RE/shared-20260323T021029Z-3-001/shared/Drivers/STM32F401RE_StdPeriph_Driver/src/stm32f401re_rcc.o
                                      0x243fe (size before relaxing)
 .debug_str     0x0000000000024388      0x1ad ./SDK_1.0.3_NUCLEO-F401RE/shared-20260323T021029Z-3-001/shared/Utilities/buff.o
                                      0x21713 (size before relaxing)
 .debug_str     0x0000000000024535      0x10b ./SDK_1.0.3_NUCLEO-F401RE/shared-20260323T021029Z-3-001/shared/Utilities/utilities.o
                                       0x3e27 (size before relaxing)
 .debug_str     0x0000000000024640     0x5e52 ./Src/main.o
                                       0x9c82 (size before relaxing)
 .debug_str     0x000000000002a492       0x31 ./Startup/startup_stm32f401retx.o
                                         0x4a (size before relaxing)
 .debug_str     0x000000000002a4c3    0x1606b H:\TTCS\BUOI1NHOM2\Lib\liblibraries.a(timer.o)
                                      0x39451 (size before relaxing)
 .debug_str     0x000000000004052e     0x197a H:\TTCS\BUOI1NHOM2\Lib\liblibraries.a(Ucglib.o)
                                      0x4067c (size before relaxing)
 .debug_str     0x0000000000041ea8       0x86 H:\TTCS\BUOI1NHOM2\Lib\liblibraries.a(ucg_box.o)
                                       0x9c13 (size before relaxing)
 .debug_str     0x0000000000041f2e       0x48 H:\TTCS\BUOI1NHOM2\Lib\liblibraries.a(ucg_ccs.o)
                                       0x97ef (size before relaxing)
 .debug_str     0x0000000000041f76       0xaf H:\TTCS\BUOI1NHOM2\Lib\liblibraries.a(ucg_dev_default_cb.o)
                                       0x9c41 (size before relaxing)
 .debug_str     0x0000000000042025      0x135 H:\TTCS\BUOI1NHOM2\Lib\liblibraries.a(ucg_dev_ic_st7735.o)
                                       0x9ce5 (size before relaxing)
 .debug_str     0x000000000004215a       0xce H:\TTCS\BUOI1NHOM2\Lib\liblibraries.a(ucg_dev_msg_api.o)
                                       0x9c5b (size before relaxing)
 .debug_str     0x0000000000042228       0x68 H:\TTCS\BUOI1NHOM2\Lib\liblibraries.a(ucg_dev_tft_128x128_st7735.o)
                                       0x9c0a (size before relaxing)
 .debug_str     0x0000000000042290     0x33bc H:\TTCS\BUOI1NHOM2\Lib\liblibraries.a(ucg_font.o)
                                       0xd07e (size before relaxing)
 .debug_str     0x000000000004564c       0x35 H:\TTCS\BUOI1NHOM2\Lib\liblibraries.a(ucg_init.o)
                                       0xcb75 (size before relaxing)
 .debug_str     0x0000000000045681       0x8d H:\TTCS\BUOI1NHOM2\Lib\liblibraries.a(ucg_line.o)
                                       0x9c1a (size before relaxing)
 .debug_str     0x000000000004570e       0x38 H:\TTCS\BUOI1NHOM2\Lib\liblibraries.a(ucg_pixel.o)
                                       0x9bc5 (size before relaxing)
 .debug_str     0x0000000000045746       0x27 H:\TTCS\BUOI1NHOM2\Lib\liblibraries.a(ucg_pixel_font_data.o)
                                       0x9785 (size before relaxing)
 .debug_str     0x000000000004576d      0x163 H:\TTCS\BUOI1NHOM2\Lib\liblibraries.a(ucg_rotate.o)
                                       0x9fb3 (size before relaxing)
 .debug_str     0x00000000000458d0      0x193 H:\TTCS\BUOI1NHOM2\Lib\liblibraries.a(stm32f401re_gpio.o)
                                      0x3a690 (size before relaxing)
 .debug_str     0x0000000000045a63       0xa5 H:\TTCS\BUOI1NHOM2\Lib\liblibraries.a(ucg_clip.o)
                                       0x9c32 (size before relaxing)
 .debug_str     0x0000000000045b08      0x215 H:\TTCS\BUOI1NHOM2\Lib\liblibraries.a(ucg_com_msg_api.o)
                                       0x9ddf (size before relaxing)

.comment        0x0000000000000000       0xce
 .comment       0x0000000000000000       0x53 ./SDK_1.0.3_NUCLEO-F401RE/shared-20260323T021029Z-3-001/shared/Drivers/CMSIS/Source/system_stm32f4xx.o
                                         0x54 (size before relaxing)
 .comment       0x0000000000000053       0x54 ./SDK_1.0.3_NUCLEO-F401RE/shared-20260323T021029Z-3-001/shared/Drivers/STM32F401RE_StdPeriph_Driver/src/stm32f401re_rcc.o
 .comment       0x0000000000000053       0x54 ./SDK_1.0.3_NUCLEO-F401RE/shared-20260323T021029Z-3-001/shared/Utilities/buff.o
 .comment       0x0000000000000053       0x54 ./SDK_1.0.3_NUCLEO-F401RE/shared-20260323T021029Z-3-001/shared/Utilities/utilities.o
 .comment       0x0000000000000053       0x54 ./Src/main.o
 .comment       0x0000000000000053       0x7b H:\TTCS\BUOI1NHOM2\Lib\liblibraries.a(timer.o)
                                         0x7c (size before relaxing)
 .comment       0x00000000000000ce       0x7c H:\TTCS\BUOI1NHOM2\Lib\liblibraries.a(Ucglib.o)
 .comment       0x00000000000000ce       0x7c H:\TTCS\BUOI1NHOM2\Lib\liblibraries.a(ucg_box.o)
 .comment       0x00000000000000ce       0x7c H:\TTCS\BUOI1NHOM2\Lib\liblibraries.a(ucg_ccs.o)
 .comment       0x00000000000000ce       0x7c H:\TTCS\BUOI1NHOM2\Lib\liblibraries.a(ucg_dev_default_cb.o)
 .comment       0x00000000000000ce       0x7c H:\TTCS\BUOI1NHOM2\Lib\liblibraries.a(ucg_dev_ic_st7735.o)
 .comment       0x00000000000000ce       0x7c H:\TTCS\BUOI1NHOM2\Lib\liblibraries.a(ucg_dev_msg_api.o)
 .comment       0x00000000000000ce       0x7c H:\TTCS\BUOI1NHOM2\Lib\liblibraries.a(ucg_dev_tft_128x128_st7735.o)
 .comment       0x00000000000000ce       0x7c H:\TTCS\BUOI1NHOM2\Lib\liblibraries.a(ucg_font.o)
 .comment       0x00000000000000ce       0x7c H:\TTCS\BUOI1NHOM2\Lib\liblibraries.a(ucg_init.o)
 .comment       0x00000000000000ce       0x7c H:\TTCS\BUOI1NHOM2\Lib\liblibraries.a(ucg_line.o)
 .comment       0x00000000000000ce       0x7c H:\TTCS\BUOI1NHOM2\Lib\liblibraries.a(ucg_pixel.o)
 .comment       0x00000000000000ce       0x7c H:\TTCS\BUOI1NHOM2\Lib\liblibraries.a(ucg_pixel_font_data.o)
 .comment       0x00000000000000ce       0x7c H:\TTCS\BUOI1NHOM2\Lib\liblibraries.a(ucg_rotate.o)
 .comment       0x00000000000000ce       0x7c H:\TTCS\BUOI1NHOM2\Lib\liblibraries.a(stm32f401re_gpio.o)
 .comment       0x00000000000000ce       0x7c H:\TTCS\BUOI1NHOM2\Lib\liblibraries.a(ucg_clip.o)
 .comment       0x00000000000000ce       0x7c H:\TTCS\BUOI1NHOM2\Lib\liblibraries.a(ucg_com_msg_api.o)

.debug_frame    0x0000000000000000     0x2130
 .debug_frame   0x0000000000000000       0x74 ./SDK_1.0.3_NUCLEO-F401RE/shared-20260323T021029Z-3-001/shared/Drivers/CMSIS/Source/system_stm32f4xx.o
 .debug_frame   0x0000000000000074      0x774 ./SDK_1.0.3_NUCLEO-F401RE/shared-20260323T021029Z-3-001/shared/Drivers/STM32F401RE_StdPeriph_Driver/src/stm32f401re_rcc.o
 .debug_frame   0x00000000000007e8      0x118 ./SDK_1.0.3_NUCLEO-F401RE/shared-20260323T021029Z-3-001/shared/Utilities/buff.o
 .debug_frame   0x0000000000000900      0x100 ./SDK_1.0.3_NUCLEO-F401RE/shared-20260323T021029Z-3-001/shared/Utilities/utilities.o
 .debug_frame   0x0000000000000a00       0x30 ./Src/main.o
 .debug_frame   0x0000000000000a30      0x1a8 H:\TTCS\BUOI1NHOM2\Lib\liblibraries.a(timer.o)
 .debug_frame   0x0000000000000bd8       0xec H:\TTCS\BUOI1NHOM2\Lib\liblibraries.a(Ucglib.o)
 .debug_frame   0x0000000000000cc4       0xf0 H:\TTCS\BUOI1NHOM2\Lib\liblibraries.a(ucg_box.o)
 .debug_frame   0x0000000000000db4       0x88 H:\TTCS\BUOI1NHOM2\Lib\liblibraries.a(ucg_ccs.o)
 .debug_frame   0x0000000000000e3c       0xec H:\TTCS\BUOI1NHOM2\Lib\liblibraries.a(ucg_dev_default_cb.o)
 .debug_frame   0x0000000000000f28       0xd0 H:\TTCS\BUOI1NHOM2\Lib\liblibraries.a(ucg_dev_ic_st7735.o)
 .debug_frame   0x0000000000000ff8      0x154 H:\TTCS\BUOI1NHOM2\Lib\liblibraries.a(ucg_dev_msg_api.o)
 .debug_frame   0x000000000000114c       0x34 H:\TTCS\BUOI1NHOM2\Lib\liblibraries.a(ucg_dev_tft_128x128_st7735.o)
 .debug_frame   0x0000000000001180      0x664 H:\TTCS\BUOI1NHOM2\Lib\liblibraries.a(ucg_font.o)
 .debug_frame   0x00000000000017e4       0x5c H:\TTCS\BUOI1NHOM2\Lib\liblibraries.a(ucg_init.o)
 .debug_frame   0x0000000000001840       0xe8 H:\TTCS\BUOI1NHOM2\Lib\liblibraries.a(ucg_line.o)
 .debug_frame   0x0000000000001928       0x5c H:\TTCS\BUOI1NHOM2\Lib\liblibraries.a(ucg_pixel.o)
 .debug_frame   0x0000000000001984      0x184 H:\TTCS\BUOI1NHOM2\Lib\liblibraries.a(ucg_rotate.o)
 .debug_frame   0x0000000000001b08      0x23c H:\TTCS\BUOI1NHOM2\Lib\liblibraries.a(stm32f401re_gpio.o)
 .debug_frame   0x0000000000001d44      0x11c H:\TTCS\BUOI1NHOM2\Lib\liblibraries.a(ucg_clip.o)
 .debug_frame   0x0000000000001e60      0x2a4 H:\TTCS\BUOI1NHOM2\Lib\liblibraries.a(ucg_com_msg_api.o)
 .debug_frame   0x0000000000002104       0x2c c:/st/stm32cubeide_1.7.0/stm32cubeide/plugins/com.st.stm32cube.ide.mcu.externaltools.gnu-tools-for-stm32.9-2020-q2-update.win32_2.0.0.202105311346/tools/bin/../lib/gcc/arm-none-eabi/9.3.1/../../../../arm-none-eabi/lib/thumb/v7e-m+fp/hard\libc_nano.a(lib_a-init.o)
